Sept 22,2016
Jennie PCIe v2016.07 hardware is ready. Dont need to reverse the bus bit. Can recognize the ar934x-nfc as mtd12. But when mount -t jffs2 /dev/mtdblock12 /mnt/nand, it complains "jffs2: Cowardly refusing to erase blocks on filesystem with no valid JFFS2 nodes". Use "mtd erase /dev/mtd12" and then mount successfully. Create a file on /mnt/nand and power cycle the unit that file survives the power cycle.

Jun 2, 2016
On a PWii which is normal CPU usage:
[65278.610000] br-lan: port 1(eth0) entered forwarding state
[65356.250000] ===MHX : interrupt driver failed to register, use poll driver
[65356.250000] ==MHX(gpio_keys_polled_queue_work) delay=2.
[65356.260000] platform leds-gpio: Driver leds-gpio requests probe deferral
[65356.270000] ==MHX(gpio_keys_polled_poll) checking buttons.	//Only one key


[65356.270000] ==MHX(gpio_keys_polled_queue_work) delay=2.
static void gpio_keys_polled_queue_work(struct gpio_keys_button_dev *bdev)
{
	struct gpio_keys_platform_data *pdata = bdev->pdata;
	unsigned long delay = msecs_to_jiffies(pdata->poll_interval);

	if (delay >= HZ)
		delay = round_jiffies_relative(delay);
	printk(==MHX(%s) delay=%ld\n, __func__,delay);
	schedule_delayed_work(&bdev->work, delay);
}
Delay is VIP2_AC_KEYS_POLL_INTERVAL set in machine file is 20 msec. It is printed as 2, which means the system tick is 10msec.


[65356.290000] ==MHX(gpio_keys_polled_poll) checking buttons.
[65356.290000] ==MHX(gpio_keys_polled_queue_work) delay=2.
[65356.310000] ==MHX(gpio_keys_polled_poll) checking buttons.
[65356.310000] ==MHX(gpio_keys_polled_queue_work) delay=2.
[65356.330000] ==MHX(gpio_keys_polled_poll) checking buttons.
[65356.330000] ==MHX(gpio_keys_polled_queue_work) delay=2.
[65356.350000] ==MHX(gpio_keys_polled_poll) checking buttons.
[65356.350000] ==MHX(gpio_keys_polled_queue_work) delay=2.
[65356.370000] ==MHX(gpio_keys_polled_poll) checking buttons.
[65356.370000] ==MHX(gpio_keys_polled_queue_work) delay=2.
[65356.390000] ==MHX(gpio_keys_polled_poll) checking buttons.
[65356.390000] ==MHX(gpio_keys_polled_queue_work) delay=2.
[65356.410000] ==MHX(gpio_keys_polled_poll) checking buttons.
[65356.410000] ==MHX(gpio_keys_polled_queue_work) delay=2.
[65356.430000] ==MHX(gpio_keys_polled_poll) checking buttons.
[65356.430000] ==MHX(gpio_keys_polled_queue_work) delay=2.
[65356.450000] ==MHX(gpio_keys_polled_poll) checking buttons.
[65356.450000] ==MHX(gpio_keys_polled_queue_work) delay=2.
[65356.470000] ==MHX(gpio_keys_polled_poll) checking buttons.
[65356.470000] ==MHX(gpio_keys_polled_queue_work) delay=2.
[65356.490000] ==MHX(gpio_keys_polled_poll) checking buttons.

On the BulletAC which has high CPU usage:
root@UserDevice:~# insmod gpio-button-hotplug
[  160.100000] ===MHX : interrupt driver failed to register, use poll driver
[  160.130000] ==MHX(gpio_keys_polled_queue_work) delay=2.
root@UserDevice:~# [  160.150000] ==MHX(gpio_keys_polled_poll) checking buttons.
[  160.160000] ==MHX(gpio_keys_polled_poll) checking buttons.
[  160.170000] ==MHX(gpio_keys_polled_poll) checking buttons.
[  160.170000] ==MHX(gpio_keys_polled_queue_work) delay=2.
[  160.200000] ==MHX(gpio_keys_polled_poll) checking buttons.	// 3 keys to pull
[  160.210000] ==MHX(gpio_keys_polled_poll) checking buttons.
[  160.220000] ==MHX(gpio_keys_polled_poll) checking buttons.
[  160.220000] ==MHX(gpio_keys_polled_queue_work) delay=2.
[  160.250000] ==MHX(gpio_keys_polled_poll) checking buttons.
[  160.260000] ==MHX(gpio_keys_polled_poll) checking buttons.
[  160.270000] ==MHX(gpio_keys_polled_poll) checking buttons.
[  160.270000] ==MHX(gpio_keys_polled_queue_work) delay=2.
[  160.300000] ==MHX(gpio_keys_polled_poll) checking buttons.
[  160.310000] ==MHX(gpio_keys_polled_poll) checking buttons.
[  160.320000] ==MHX(gpio_keys_polled_poll) checking buttons.
[  160.320000] ==MHX(gpio_keys_polled_queue_work) delay=2.
[  160.350000] ==MHX(gpio_keys_polled_poll) checking buttons.
[  160.360000] ==MHX(gpio_keys_polled_poll) checking buttons.
[  160.370000] ==MHX(gpio_keys_polled_poll) checking buttons.
[  160.370000] ==MHX(gpio_keys_polled_queue_work) delay=2.
[  160.400000] ==MHX(gpio_keys_polled_poll) checking buttons.
[  160.410000] ==MHX(gpio_keys_polled_poll) checking buttons.
[  160.420000] ==MHX(gpio_keys_polled_poll) checking buttons.
[  160.420000] ==MHX(gpio_keys_polled_queue_work) delay=2.
[  160.450000] ==MHX(gpio_keys_polled_poll) checking buttons.
[  160.460000] ==MHX(gpio_keys_polled_poll) checking buttons.
[  160.470000] ==MHX(gpio_keys_polled_poll) checking buttons.
[  160.470000] ==MHX(gpio_keys_polled_queue_work) delay=2.
[  160.500000] ==MHX(gpio_keys_polled_poll) checking buttons.
[  160.510000] ==MHX(gpio_keys_polled_poll) checking buttons.
[  160.520000] ==MHX(gpio_keys_polled_poll) checking buttons.
[  160.520000] ==MHX(gpio_keys_polled_queue_work) delay=2.
[  160.550000] ==MHX(gpio_keys_polled_poll) checking buttons.
[  160.560000] ==MHX(gpio_keys_polled_poll) checking buttons.
[  160.570000] ==MHX(gpio_keys_polled_poll) checking buttons.
[  160.570000] ==MHX(gpio_keys_polled_queue_work) delay=2.
[  160.600000] ==MHX(gpio_keys_polled_poll) checking buttons.
[  160.610000] ==MHX(gpio_keys_polled_poll) checking buttons.
[  160.620000] ==MHX(gpio_keys_polled_poll) checking buttons.
[  160.620000] ==MHX(gpio_keys_polled_queue_work) delay=2.


Jun 1, 2016
Use oprofile and perf package of OWT. make menuconfig--->Gobal build settings--->Compile the kernel with profiling enabled. Then go to main menu--->Development--->oprofile. That’s all you need for oprofile.
But for perf, go also to “Advanced configuration options (for developers)” and enable “Show broken platforms / packages“ and you need to turn on the libelf1 library under “Libraries“. But I couldn't find libelf1. I found "
Symbol: PACKAGE_libelf1 [=PACKAGE_libelf1]                                                               x  
  x Type  : unknown                                                                                          x  
  x   Selected by: PACKAGE_perf [=n] && USE_GLIBC "
That means perf depends on GLIBC however we use uClibc. So looks like perf is not usable.

To use oprofile to profile kernel: scp build_dir/target-mips_34kc_uClibc-0.9.33.2/linux-ar71xx_generic/linux-3.10.36/vmlinux root@192.168.168.2://lib/.
root@UserDevice:~# opcontrol --vmlinux=lib/vmlinux 
[  435.310000] oprofile: using mips/74K performance monitoring.
root@UserDevice:~# lsmod | grep prof
oprofile               19410  1 
root@UserDevice:~# opcontrol --start
Using default event: INSTRUCTIONS:100000:0:1:1
Using 2.6+ OProfile kernel interface.
Reading module info.
Using log file /var/lib/oprofile/samples/oprofiled.log
Daemon started.
Profiler running.

May 31, 2016
BulletAC board:
        ath79_setup_ar934x_eth_cfg(AR934X_ETH_CFG_SW_ONLY_MODE); //All phys connect to GMAC1 internal switch

        ath79_register_mdio(1, 0x0);

        /* LAN */
        ath79_init_mac(ath79_eth1_data.mac_addr, NULL, -1);

        /* GMAC1 is connected to the internal switch */
        ath79_eth1_data.phy_if_mode = PHY_INTERFACE_MODE_GMII;

        ath79_register_eth(1);

	// Remove the registration of GMAC0 otherwise AR934X_ETH_CFG_SW_ONLY_MODE doesn't work. Looks like it will override the AR934X_ETH_CFG_SW_ONLY_MODE and GMAC0 still connects to PHY4.
        /* WAN */
        //ath79_init_mac(ath79_eth0_data.mac_addr, NULL, -1);

        /* GMAC0 is connected to the PHY4 of the internal switch 
        ath79_switch_data.phy4_mii_en = 1;
        ath79_switch_data.phy_poll_mask = BIT(4);
        ath79_eth0_data.phy_if_mode = PHY_INTERFACE_MODE_MII;
        ath79_eth0_data.phy_mask = BIT(4);
        ath79_eth0_data.mii_bus_dev = &ath79_mdio1_device.dev;

        ath79_register_eth(0);
	*/
Only one eth is found:
[    1.180000] libphy: ag71xx_mdio: probed
[    1.740000] ag71xx-mdio.1: Found an AR934X built-in switch
[    2.770000] eth0: Atheros AG71xx at 0xba000000, irq 5, mode:GMII
[    2.770000] i2c /dev entries driver
[    2.890000] TCP: cubic registered

root@UserDevice:~# ifconfig -a
br-lan    Link encap:Ethernet  HWaddr 00:0F:92:02:DB:89  
          inet addr:192.168.168.2  Bcast:192.168.168.255  Mask:255.255.255.0
          inet6 addr: fda3:56a5:d157::1/60 Scope:Global
          inet6 addr: fe80::20f:92ff:fe02:db89/64 Scope:Link
          UP BROADCAST RUNNING MULTICAST  MTU:1500  Metric:1
          RX packets:5419 errors:0 dropped:0 overruns:0 frame:0
          TX packets:5231 errors:0 dropped:0 overruns:0 carrier:0
          collisions:0 txqueuelen:0 
          RX bytes:432896 (422.7 KiB)  TX bytes:876745 (856.1 KiB)

eth0      Link encap:Ethernet  HWaddr 00:0F:92:02:DB:89  
          UP BROADCAST RUNNING MULTICAST  MTU:1500  Metric:1
          RX packets:5422 errors:0 dropped:0 overruns:0 frame:0
          TX packets:5235 errors:0 dropped:0 overruns:0 carrier:0
          collisions:0 txqueuelen:1000 
          RX bytes:508942 (497.0 KiB)  TX bytes:877193 (856.6 KiB)
          Interrupt:5 

lo        Link encap:Local Loopback  
          inet addr:127.0.0.1  Mask:255.0.0.0
          inet6 addr: ::1/128 Scope:Host
          UP LOOPBACK RUNNING  MTU:65536  Metric:1
          RX packets:0 errors:0 dropped:0 overruns:0 frame:0
          TX packets:0 errors:0 dropped:0 overruns:0 carrier:0
          collisions:0 txqueuelen:0 
          RX bytes:0 (0.0 B)  TX bytes:0 (0.0 B)

wlan0     Link encap:Ethernet  HWaddr 04:F0:21:1A:D6:2D  
          inet6 addr: fe80::6f0:21ff:fe1a:d62d/64 Scope:Link
          UP BROADCAST RUNNING MULTICAST  MTU:1500  Metric:1
          RX packets:0 errors:0 dropped:0 overruns:0 frame:0
          TX packets:4 errors:0 dropped:0 overruns:0 carrier:0
          collisions:0 txqueuelen:1000 
          RX bytes:0 (0.0 B)  TX bytes:480 (480.0 B)

wwan0     Link encap:Ethernet  HWaddr 00:0F:92:FE:00:01  
          BROADCAST NOARP MULTICAST  MTU:1500  Metric:1
          RX packets:0 errors:0 dropped:0 overruns:0 frame:0
          TX packets:0 errors:0 dropped:0 overruns:0 carrier:0
          collisions:0 txqueuelen:1000 
          RX bytes:0 (0.0 B)  TX bytes:0 (0.0 B)

root@UserDevice:~# brctl show
bridge name     bridge id               STP enabled     interfaces
br-lan          7fff.000f9202db89       no              eth0
                                                        wlan0
Plug the cable to a LAN port:
root@UserDevice:~# [   91.050000] eth0: link down
[   91.050000] br-lan: port 1(eth0) entered disabled state
[   96.060000] eth0: link up (1000Mbps/Full duplex)
[   96.060000] br-lan: port 1(eth0) entered forwarding state

Remove the cable and plug into the WAN port:
root@UserDevice:~# [  210.140000] eth0: link down
[  210.150000] br-lan: port 1(eth0) entered disabled state
[  213.150000] eth0: link up (1000Mbps/Full duplex)
[  213.150000] br-lan: port 1(eth0) entered forwarding state
[  213.160000] br-lan: port 1(eth0) entered forwarding state
[  215.160000] br-lan: port 1(eth0) entered forwarding state

root@UserDevice:~# ping 192.168.[  219.060000] usb 1-1.1: USB disconnect, device number 10
[  219.070000] cdc_ncm 1-1.1:1.0 wwan0: unregister 'cdc_ncm' usb-ehci-platform-1.1, Mobile Broadband)
168.100
PING 192.168.168.100 (192.168.168.100): 56 data bytes
64 bytes from 192.168.168.100: seq=0 ttl=64 time=0.684 ms
64 bytes from 192.168.168.100: seq=1 ttl=64 time=0.620 ms

All 4+1=5 ports are tested working.

May 6, 2016
For Nicole the 2.4GHz frequency uses the fixed 2390MHz.

May 5, 2016
Change synthesizer lo_frequency on the fly:

static int set_lo_freq(const char *val, const struct kernel_param *kp)
{
	int rv = param_set_uint(val, kp);

        printk("===MHX(%s) value=%s. rv=%d\n", __func__, val, rv);

	if (rv)
		return rv;

	return 0;
}

static struct kernel_param_ops lo_freq_param_ops = {
	.set = set_lo_freq,
	.get = param_get_uint,
};

module_param_cb(lo_frequency, &lo_freq_param_ops, &lo_frequency, 0644);
MODULE_PARM_DESC(lo_frequency, "Synthesizer local frequency in MHz");

root@UserDevice:~# cat sys/module/rffc5071/parameters/lo_frequency 
3322
root@UserDevice:~# echo 3300 > sys/module/rffc5071/parameters/lo_frequency 
root@UserDevice:~# dmesg -c
[  294.850000] ===MHX(set_lo_freq) value=3300
[  294.850000] . rv=0
root@UserDevice:~# 
root@UserDevice:~# cat sys/module/rffc5071/parameters/lo_frequency 
3300
root@UserDevice:~# 

set_lo_freq() is also called at the very beginning of insmod.

Initialize the 900MHz test:

killall keepalived
mhx -gpio dir 18 0
mhx -gpio dir 0 0
echo 0 > sys/class/leds/MIXER_RESET/brightness
echo 255 > sys/class/leds/PA_VCC_ON/brightness
echo 3392 > sys/module/rffc5071/parameters/lo_frequency

May 4, 2016
Confirmed with Ping for Nicole:
I2C_CLK = A54 = GPIO7
I2C_DATA = A52 = GPIO8
Synthesizer:
SPI_CLK = GPIO18
SPI_DOUT = GPIO0

The GPIO18 and GPIO0 are initialized in uBoot according to PRODUCTMODE and PRODUCT. So in Nicole case, PRODUCTMODE=3 is newly added so that the GPIOs are not initialized properly. Use mhx utility to init those GPIOs and programming is ok.

With ART, Freq=2412MHz,
lo_frequency(MHz)	900MHz Center Frequency(MHz)		Theorical Center Frequency(MHz)		Bandwidth(MHz)
3300				895.2					888					<10
3310				900.4					898					20
3320				908.2					908					20
3330				918.3					918					20
3340				925.2					928					20
3350				930.5					938					<10

WiFi driver with 900MHz channel works 2 Nicoles communicate:

root@UserDevice:~# cat sys/kernel/debug/gpio 
GPIOs 0-29, ath79:
 gpio-7   (scl                 ) out hi
 gpio-8   (sda                 ) in  hi
 gpio-16  (Peripheral_RESET    ) out hi
 gpio-20  (CPUstatus           ) out hi
 gpio-22  (RESET               ) in  hi

GPIOs 30-37, i2c/0-001f, pca9557, can sleep:
 gpio-30  (MIXER_CS            ) out hi
 gpio-31  (PA_VCC_ON           ) out hi			// PA of 900MHz. '1' is ON
 gpio-32  (SA3                 ) out lo
 gpio-33  (SA2                 ) out lo
 gpio-34  (SA1                 ) out lo
 gpio-35  (PD_MIXER            ) out hi
 gpio-36  (MIXER_RESET         ) out lo			// PA of 2.4GHz. '1' is ON
 gpio-37  (MIXER_ENABLE        ) out hi



May 3, 2016
base-files package is teaked for Nicole added PRODUCT and PRODUCTMODE. A lot more other packages need a tweak too. 
2.4GHz PA can not be turned off by ART. But the 900MHz PA can be controlled by ART. 2.4GHz an 900MHZ are transmitted at different antennas.

April 29, 2016
On Nicole board.

When with radio daughter board:
MHX_PRODUCTMODE=3
MHX_PRODUCT=pNicole
root@UserDevice:~# cat sys/kernel/debug/gpio 
GPIOs 0-29, ath79:
 gpio-7   (scl                 ) out hi
 gpio-8   (sda                 ) in  hi
 gpio-16  (Peripheral_RESET    ) out hi
 gpio-20  (CPUstatus           ) out hi
 gpio-22  (RESET               ) in  hi

GPIOs 30-37, i2c/0-001f, pca9557, can sleep:
 gpio-30  (MIXER_CS            ) out hi
 gpio-31  (PA_VCC_ON           ) out lo
 gpio-32  (SA3                 ) out lo
 gpio-33  (SA2                 ) out lo
 gpio-34  (SA1                 ) out lo
 gpio-35  (PD_MIXER            ) out hi
 gpio-36  (MIXER_RESET         ) out hi
 gpio-37  (MIXER_ENABLE        ) out hi
root@UserDevice:~# i2cdetect -y 0
     0  1  2  3  4  5  6  7  8  9  a  b  c  d  e  f
00:          -- -- -- -- -- -- -- -- -- -- -- -- -- 
10: -- -- -- -- -- -- -- -- -- -- -- -- -- -- -- UU 
20: -- -- -- -- -- -- -- -- -- -- -- -- -- -- -- -- 
30: -- -- -- -- -- -- -- -- -- -- -- -- -- -- -- -- 
40: -- -- -- -- -- -- -- -- UU -- -- -- -- -- -- -- 
50: -- -- -- -- -- -- -- -- -- -- -- -- -- -- -- -- 
60: -- -- -- -- -- -- -- -- -- -- -- -- -- -- -- -- 
70: -- UU -- -- -- -- -- --                         
root@UserDevice:~# rmmod rffc5071
root@UserDevice:~# insmod rffc5071 lo_frequency=2400 
works flawlessly.

Power down, remove the radio daughter board. Same F/W and UBoot params. And then power up.

root@UserDevice:~# cat sys/kernel/debug/gpio 
GPIOs 0-29, ath79:
 gpio-7   (scl                 ) out hi
 gpio-8   (sda                 ) in  hi
 gpio-22  (RESET               ) in  hi
root@UserDevice:~# i2cdetect -y 0
     0  1  2  3  4  5  6  7  8  9  a  b  c  d  e  f
00:          -- -- -- -- -- -- -- -- -- -- -- -- -- 
10: -- -- -- -- -- -- -- -- -- -- -- -- -- -- -- -- 
20: -- -- -- -- -- -- -- -- -- -- -- -- -- -- -- -- 
30: -- -- -- -- -- -- -- -- -- -- -- -- -- -- -- -- 
40: -- -- -- -- -- -- -- -- UU -- -- -- -- -- -- -- 
50: -- -- -- -- -- -- -- -- -- -- -- -- -- -- -- -- 
60: -- -- -- -- -- -- -- -- -- -- -- -- -- -- -- -- 
70: -- UU -- -- -- -- -- --                         
root@UserDevice:~# 

This means, if the chip doesn't exist, the i2cdetect can not detect it even though it is registered by platform code.

April 27, 2016
root@VIP2_AC:~# cat /proc/mtd 
dev:    size   erasesize  name
mtd0: 00080000 00040000 "u-boot"
mtd1: 00040000 00040000 "u-boot-env"
mtd2: 00040000 00040000 "u-boot-env-bak"
mtd3: 00200000 00040000 "kernel"
mtd4: 018c0000 00040000 "rootfs"
mtd5: 01400000 00040000 "rootfs_data"
mtd6: 00400000 00040000 "mhs-data"
mtd7: 00040000 00040000 "art"
mtd8: 00200000 00040000 "kernel-bak"
mtd9: 018c0000 00040000 "rootfs-bak"
mtd10: 00480000 00040000 "NVM-zone"
mtd11: 000c0000 00040000 "pro-zone"
mtd12: 10000000 00020000 "ar934x-nfc"
root@VIP2_AC:~# cat sys/devices/platform/ar934x-nfc/uevent 
DRIVER=ar934x-nfc
MODALIAS=platform:ar934x-nfc
root@VIP2_AC:~# cat sys/class/block/mtdblock12/size 
524288
root@VIP2_AC:~# cat sys/class/block/mtdblock12/inflight 
       0        0
root@VIP2_AC:~# cat sys/class/block/mtdblock12/uevent 
MAJOR=31
MINOR=12
DEVNAME=mtdblock12
DEVTYPE=disk
root@VIP2_AC:~# cat sys/class/block/mtdblock12/stat 
       0        0        0        0        0        0        0        0        0        0        0
root@VIP2_AC:~# cat sys/class/block/mtdblock12/capability 
10
root@VIP2_AC:~# cat sys/class/block/mtdblock12/dev
31:12
root@VIP2_AC:~# cat sys/class/block/mtdblock12/device/name 
ar934x-nfc
root@VIP2_AC:~# cat sys/class/block/mtdblock12/device/flags 
0x400
root@VIP2_AC:~# cat sys/class/block/mtdblock12/device/writesize 
2048
root@VIP2_AC:~# cat sys/class/block/mtdblock12/device/type 
nand
root@VIP2_AC:~# cat sys/class/block/mtdblock12/device/size 
268435456
root@VIP2_AC:~# cat sys/class/block/mtdblock12/device/subpagesize 
512
root@VIP2_AC:~# cat sys/class/block/mtdblock12/device/ecc_strength 
1
root@VIP2_AC:~# cat sys/class/block/mtdblock12/device/erasesize 
131072
root@VIP2_AC:~# cat sys/class/block/mtdblock12/device/oobsize 
64
root@VIP2_AC:~# cat sys/class/block/mtdblock12/device/flags 
0x400
root@VIP2_AC:~# mkdir /tmp/nand
root@VIP2_AC:~# mount -t jffs2 /dev/mtdblock12 /tmp/nand/
[ 1993.220000] jffs2: notice: (1400) jffs2_build_xattr_subsystem: complete building xattr subsystem, 0 of xdatum (0 unchecked, 0 orphan) and 0 of xref (0 dead, 0 orphan) found.
root@VIP2_AC:~# df -h
Filesystem                Size      Used Available Use% Mounted on
rootfs                   20.0M      1.0M     19.0M   5% /
/dev/root                 4.8M      4.8M         0 100% /rom
tmpfs                    61.7M     80.0K     61.6M   0% /tmp
tmpfs                    61.7M     76.0K     61.6M   0% /tmp/root
tmpfs                   512.0K         0    512.0K   0% /dev
/dev/mtdblock5           20.0M      1.0M     19.0M   5% /overlay
overlayfs:/overlay       20.0M      1.0M     19.0M   5% /
/dev/mtdblock12         256.0M      5.6M    250.4M   2% /tmp/nand
root@VIP2_AC:~# ls tmp/nand/ -al
drwxr-xr-x    3 root     root             0 Dec 31  1969 .
drwxrwxrwt   18 root     root           500 Apr 26 17:53 ..

root@VIP2_AC:~# cat /proc/interrupts 
           CPU0       
  3:         29      MIPS  ehci_hcd:usb1
  4:          0      MIPS  eth1
  5:          5      MIPS  eth0
  7:      10501      MIPS  timer
 11:        438      MISC  serial
 29:       8198      MISC  ar934x-nfc

But write the mtdblock12 failed. Nothing written to it (all FF).


April 26, 2016
Sanki connected one pin of NAND flash to 2.5v.
[    0.490000] ===MHX (vip2_ac_setup): registering NAND===
[    0.490000] ===MHX(ar934x_nfc_setup): NAND Flash set up finished.
[    0.500000] bio: create slab <bio-0> at 0
[    0.510000] pca953x 0-0022: interrupt support not compiled in
[    0.520000] i2c i2c-0: Not I2C compliant: can't read SCL
[    0.520000] i2c i2c-0: Bus may be unreliable
[    0.520000] i2c-gpio i2c-gpio.0: using pins 17 (SDA) and 16 (SCL, no clock stretching)
[    0.520000] PCI host bridge to bus 0000:00
[    0.520000] pci_bus 0000:00: root bus resource [mem 0x10000000-0x13ffffff]
[    0.520000] pci_bus 0000:00: root bus resource [io  0x0000]
[    0.520000] pci_bus 0000:00: No busn resource found for root bus, will use [bus 00-ff]
[    0.520000] pci_bus 0000:00: busn_res: [bus 00-ff] end is updated to 00
[    0.520000] Switching to clocksource MIPS
[    0.520000] NET: Registered protocol family 2
[    0.520000] TCP established hash table entries: 1024 (order: 1, 8192 bytes)
[    0.520000] TCP bind hash table entries: 1024 (order: 0, 4096 bytes)
[    0.520000] TCP: Hash tables configured (established 1024 bind 1024)
[    0.520000] TCP: reno registered
[    0.520000] UDP hash table entries: 256 (order: 0, 4096 bytes)
[    0.520000] UDP-Lite hash table entries: 256 (order: 0, 4096 bytes)
[    0.520000] NET: Registered protocol family 1
[    0.520000] PCI: CLS 0 bytes, default 32
[    0.530000] squashfs: version 4.0 (2009/01/31) Phillip Lougher
[    0.530000] jffs2: version 2.2 (NAND) (SUMMARY) (LZMA) (RTIME) (CMODE_PRIORITY) (c) 2001-2006 Red Hat,.
[    0.540000] msgmni has been set to 246
[    0.540000] io scheduler noop registered
[    0.540000] io scheduler deadline registered (default)
[    0.540000] Serial: 8250/16550 driver, 1 ports, IRQ sharing disabled
[    0.560000] serial8250.0: ttyS0 at MMIO 0x18020000 (irq = 11) is a 16550A
[    0.990000] console [ttyS0] enabled
[    0.990000] ath79-spi ath79-spi: master is unqueued, this is deprecated
[    1.000000] m25p80 spi0.0: found s25fl512s, expected m25p80
[    1.010000] Set to pure 4byte address mode
[    1.010000] m25p80 spi0.0: s25fl512s (65536 Kbytes)
[    1.010000] 11 cmdlinepart partitions found on MTD device spi0.0
[    1.020000] Creating 11 MTD partitions on "spi0.0":
[    1.030000] 0x000000000000-0x000000080000 : "u-boot"
[    1.030000] 0x000000080000-0x0000000c0000 : "u-boot-env"
[    1.040000] 0x0000000c0000-0x000000100000 : "u-boot-env-bak"
[    1.050000] 0x000000100000-0x000000300000 : "kernel"
[    1.050000] 0x000000300000-0x000001bc0000 : "rootfs"
[    1.060000] 1 squashfs-split partitions found on MTD device rootfs
[    1.070000] 0x0000007c0000-0x000001bc0000 : "rootfs_data"
[    1.070000] 0x000001bc0000-0x000001fc0000 : "mhs-data"
[    1.080000] 0x000001fc0000-0x000002000000 : "art"
[    1.090000] 0x000002000000-0x000002200000 : "kernel-bak"
[    1.090000] 0x000002200000-0x000003ac0000 : "rootfs-bak"
[    1.100000] 0x000003ac0000-0x000003f40000 : "NVM-zone"
[    1.110000] 0x000003f40000-0x000004000000 : "pro-zone"
[    1.110000] ===MHX1.1(ar934x_nfc_probe) probing NFC.
[    1.120000] ar934x-nfc ar934x-nfc: buf:a7940000 size:8
[    1.120000] ===MHX1.2(ar934x_nfc_probe) probing NFC.
[    1.130000] ar934x-nfc ar934x-nfc: readid, cmd:90
[    1.130000] ar934x-nfc ar934x-nfc: read a0:ffff0000 a1:0000000f len:8 cmd:00009061 dma:000000cc ctrl:00
[    1.140000] ar934x-nfc ar934x-nfc: got IRQ, status:00000010
[    1.150000] [id] 00000000: 08 08 08 08 08 08 08 08
[    1.160000] ar934x-nfc ar934x-nfc: readid, cmd:90
[    1.160000] ar934x-nfc ar934x-nfc: read a0:ffff0000 a1:0000000f len:8 cmd:00009061 dma:000000cc ctrl:00
[    1.170000] ar934x-nfc ar934x-nfc: got IRQ, status:00000010
[    1.180000] [id] 00000000: 08 08 08 08 08 08 08 08
[    1.180000] ar934x-nfc ar934x-nfc: readid, cmd:90
[    1.190000] ar934x-nfc ar934x-nfc: read a0:ffff0000 a1:0000000f len:8 cmd:00009061 dma:000000cc ctrl:00
[    1.200000] ar934x-nfc ar934x-nfc: got IRQ, status:00000010
[    1.200000] [id] 00000000: 08 08 08 08 08 08 08 08
[    1.210000] No NAND device found
[    1.210000] ar934x-nfc ar934x-nfc: nand_scan_ident failed, err:-19
[    1.230000] libphy: ag71xx_mdio: probed
[    1.790000] ag71xx-mdio.1: Found an AR934X built-in switch
[    2.820000] eth0: Atheros AG71xx at 0xba000000, irq 5, mode:GMII
[    3.370000] ag71xx ag71xx.0: connected to PHY at ag71xx-mdio.1:04 [uid=004dd042, driver=Generic PHY]
[    3.380000] eth1: Atheros AG71xx at 0xb9000000, irq 4, mode:MII

Conclusion: The H/W AR9344 has the data line bit[0..7] connected to flash chip data line bit[7..0]. Just reversed.

Reverse the bits in a Byte, the pull-up on bit3 is still there, I got:
[    0.280000] ar71xx: using random MAC address for eth1
[    0.490000] ===MHX (vip2_ac_setup): registering NAND===
[    0.490000] ===MHX(ar934x_nfc_setup): NAND Flash set up finished.
[    0.500000] bio: create slab <bio-0> at 0
[    0.510000] pca953x 0-0022: interrupt support not compiled in
[    0.520000] i2c i2c-0: Not I2C compliant: can't read SCL
[    0.520000] i2c i2c-0: Bus may be unreliable
[    0.520000] i2c-gpio i2c-gpio.0: using pins 17 (SDA) and 16 (SCL, no clock stretching)
[    0.520000] PCI host bridge to bus 0000:00
[    0.520000] pci_bus 0000:00: root bus resource [mem 0x10000000-0x13ffffff]
[    0.520000] pci_bus 0000:00: root bus resource [io  0x0000]
[    0.520000] pci_bus 0000:00: No busn resource found for root bus, will use [bus 00-ff]
[    0.520000] pci_bus 0000:00: busn_res: [bus 00-ff] end is updated to 00
[    0.520000] Switching to clocksource MIPS
[    0.520000] NET: Registered protocol family 2
[    0.520000] TCP established hash table entries: 1024 (order: 1, 8192 bytes)
[    0.520000] TCP bind hash table entries: 1024 (order: 0, 4096 bytes)
[    0.520000] TCP: Hash tables configured (established 1024 bind 1024)
[    0.520000] TCP: reno registered
[    0.520000] UDP hash table entries: 256 (order: 0, 4096 bytes)
[    0.520000] UDP-Lite hash table entries: 256 (order: 0, 4096 bytes)
[    0.520000] NET: Registered protocol family 1
[    0.520000] PCI: CLS 0 bytes, default 32
[    0.530000] squashfs: version 4.0 (2009/01/31) Phillip Lougher
[    0.530000] jffs2: version 2.2 (NAND) (SUMMARY) (LZMA) (RTIME) (CMODE_PRIORITY) (c) 2001-2006 Red Hat, Inc.
[    0.540000] msgmni has been set to 246
[    0.540000] io scheduler noop registered
[    0.540000] io scheduler deadline registered (default)
[    0.540000] Serial: 8250/16550 driver, 1 ports, IRQ sharing disabled
[    0.560000] serial8250.0: ttyS0 at MMIO 0x18020000 (irq = 11) is a 16550A
[    0.990000] console [ttyS0] enabled
[    0.990000] ath79-spi ath79-spi: master is unqueued, this is deprecated
[    1.000000] m25p80 spi0.0: found s25fl512s, expected m25p80
[    1.010000] Set to pure 4byte address mode
[    1.010000] m25p80 spi0.0: s25fl512s (65536 Kbytes)
[    1.010000] 11 cmdlinepart partitions found on MTD device spi0.0
[    1.020000] Creating 11 MTD partitions on "spi0.0":
[    1.030000] 0x000000000000-0x000000080000 : "u-boot"
[    1.030000] 0x000000080000-0x0000000c0000 : "u-boot-env"
[    1.040000] 0x0000000c0000-0x000000100000 : "u-boot-env-bak"
[    1.050000] 0x000000100000-0x000000300000 : "kernel"
[    1.050000] 0x000000300000-0x000001bc0000 : "rootfs"
[    1.060000] 1 squashfs-split partitions found on MTD device rootfs
[    1.070000] 0x0000007c0000-0x000001bc0000 : "rootfs_data"
[    1.070000] 0x000001bc0000-0x000001fc0000 : "mhs-data"
[    1.080000] 0x000001fc0000-0x000002000000 : "art"
[    1.090000] 0x000002000000-0x000002200000 : "kernel-bak"
[    1.090000] 0x000002200000-0x000003ac0000 : "rootfs-bak"
[    1.100000] 0x000003ac0000-0x000003f40000 : "NVM-zone"
[    1.110000] 0x000003f40000-0x000004000000 : "pro-zone"
[    1.110000] ===MHX1.1(ar934x_nfc_probe) probing NFC.
[    1.120000] ar934x-nfc ar934x-nfc: buf:a7940000 size:8
[    1.120000] ===MHX1.2(ar934x_nfc_probe) probing NFC.
[    1.130000] ===MHX3.1(nand_scan_ident) bus width=0. chip options=0
[    1.140000] ar934x-nfc ar934x-nfc: readid, cmd:90
[    1.140000] ar934x-nfc ar934x-nfc: read a0:ffff0000 a1:0000000f len:8 cmd:00000961 dma:000000cc ctrl:00000810
[    1.150000] ar934x-nfc ar934x-nfc: got IRQ, status:00000010
[    1.160000] [id] 00000000: a9 09 5b 80 09 5b 80 22
[    1.160000] ar934x-nfc ar934x-nfc: readid, cmd:90
[    1.170000] ar934x-nfc ar934x-nfc: read a0:ffff0000 a1:0000000f len:8 cmd:00000961 dma:000000cc ctrl:00000810
[    1.180000] ar934x-nfc ar934x-nfc: got IRQ, status:00000010
[    1.180000] [id] 00000000: a9 09 5b 80 09 5b 80 22
[    1.190000] ===MHX 2.1(nand_get_flash_type) Sent READID command 90. ===MHX(nand_get_flash_type)2.2 id_data[0]=1===MHX(nand_get_flash_type)2.2 id_data[1]=da===MHX(nand_get_flash_type)2.20
[    1.220000] ar934x-nfc ar934x-nfc: readid, cmd:90
[    1.230000] ar934x-nfc ar934x-nfc: read a0:ffff0000 a1:0000000f len:8 cmd:00000961 dma:000000cc ctrl:00000810
[    1.240000] ar934x-nfc ar934x-nfc: got IRQ, status:00000010
[    1.240000] [id] 00000000: a9 09 5b 80 09 5b 80 22
[    1.250000] NAND device: Manufacturer ID: 0x01, Chip ID: 0xda (AMD/Spansion NAND 256MiB 3,3V 8-bit), 256MiB, page size: 2048, OOB size: 64
[    1.260000] ar934x-nfc ar934x-nfc: buf:a7940000 size:2112
[    1.270000] Scanning device for bad blocks
[    1.270000] ar934x-nfc ar934x-nfc: read, column=2048 page=0 len=64
[    1.280000] ar934x-nfc ar934x-nfc: read a0:00000800 a1:00000000 len:40 cmd:0030006a dma:000000cc ctrl:000c0b55
[    1.290000] ar934x-nfc ar934x-nfc: got IRQ, status:00000010
[    1.290000] [data] 00000000: 08 08 08 38 08 08 08 08 08 08 08 08 08 08 08 08
[    1.300000] [data] 00000010: 08 08 08 08 08 08 08 08 08 08 08 08 08 08 08 08
[    1.310000] [data] 00000020: 08 08 08 08 08 08 08 08 08 08 08 08 08 08 08 08
[    1.320000] [data] 00000030: 08 08 08 08 08 08 08 08 08 08 08 08 08 08 08 08
[    1.320000] Bad eraseblock 0 at 0x000000000000
[    1.330000] ar934x-nfc ar934x-nfc: read, column=2048 page=64 len=64
[    1.330000] ar934x-nfc ar934x-nfc: read a0:00400800 a1:00000000 len:40 cmd:0030006a dma:000000cc ctrl:000c0b55
[    1.340000] ar934x-nfc ar934x-nfc: got IRQ, status:00000010
[    1.350000] [data] 00000000: 08 08 08 38 08 08 08 08 08 08 08 08 08 08 08 08
[    1.360000] [data] 00000010: 08 08 08 08 08 08 08 08 08 08 08 08 08 08 08 08
[    1.360000] [data] 00000020: 08 08 08 08 08 08 08 08 08 08 08 08 08 08 08 08
[    1.370000] [data] 00000030: 08 08 08 08 08 08 08 08 08 08 08 08 08 08 08 08
[    1.380000] Bad eraseblock 1 at 0x000000020000
[    1.380000] ar934x-nfc ar934x-nfc: read, column=2048 page=128 len=64
[    1.390000] ar934x-nfc ar934x-nfc: read a0:00800800 a1:00000000 len:40 cmd:0030006a dma:000000cc ctrl:000c0b55
[    1.400000] ar934x-nfc ar934x-nfc: got IRQ, status:00000010
[    1.410000] [data] 00000000: 08 08 08 38 08 08 08 08 08 08 08 08 08 08 08 08
[    1.410000] [data] 00000010: 08 08 08 08 08 08 08 08 08 08 08 08 08 08 08 08
[    1.420000] [data] 00000020: 08 08 08 08 08 08 08 08 08 08 08 08 08 08 08 08
[    1.430000] [data] 00000030: 08 08 08 08 08 08 08 08 08 08 08 08 08 08 08 08
[    1.430000] Bad eraseblock 2 at 0x000000040000
[    1.440000] ar934x-nfc ar934x-nfc: read, column=2048 page=192 len=64
[    1.440000] ar934x-nfc ar934x-nfc: read a0:00c00800 a1:00000000 len:40 cmd:0030006a dma:000000cc ctrl:000c0b55
[    1.450000] ar934x-nfc ar934x-nfc: got IRQ, status:00000010
[    1.460000] [data] 00000000: 08 08 08 38 08 08 08 08 08 08 08 08 08 08 08 08
[    1.470000] [data] 00000010: 08 08 08 08 08 08 08 08 08 08 08 08 08 08 08 08
[    1.470000] [data] 00000020: 08 08 08 08 08 08 08 08 08 08 08 08 08 08 08 08
[    1.480000] [data] 00000030: 08 08 08 08 08 08 08 08 08 08 08 08 08 08 08 08
[    1.490000] Bad eraseblock 3 at 0x000000060000
[    1.490000] ar934x-nfc ar934x-nfc: read, column=2048 page=256 len=64
[    1.500000] ar934x-nfc ar934x-nfc: read a0:01000800 a1:00000000 len:40 cmd:0030006a dma:000000cc ctrl:000c0b55
[    1.510000] ar934x-nfc ar934x-nfc: got IRQ, status:00000010
[    1.520000] [data] 00000000: 08 08 08 38 08 08 08 08 08 08 08 08 08 08 08 08
[    1.520000] [data] 00000010: 08 08 08 08 08 08 08 08 08 08 08 08 08 08 08 08
[    1.530000] [data] 00000020: 08 08 08 08 08 08 08 08 08 08 08 08 08 08 08 08
[    1.540000] [data] 00000030: 08 08 08 08 08 08 08 08 08 08 08 08 08 08 08 08
[    1.540000] Bad eraseblock 4 at 0x000000080000
[    1.550000] ar934x-nfc ar934x-nfc: read, column=2048 page=320 len=64
[    1.560000] ar934x-nfc ar934x-nfc: read a0:01400800 a1:00000000 len:40 cmd:0030006a dma:000000cc ctrl:000c0b55
[    1.570000] ar934x-nfc ar934x-nfc: got IRQ, status:00000010
[    1.570000] [data] 00000000: 08 08 08 38 08 08 08 08 08 08 08 08 08 08 08 08
[    1.580000] [data] 00000010: 08 08 08 08 08 08 08 08 08 08 08 08 08 08 08 08
[    1.590000] [data] 00000020: 08 08 08 08 08 08 08 08 08 08 08 08 08 08 08 08
[    1.590000] [data] 00000030: 08 08 08 08 08 08 08 08 08 08 08 08 08 08 08 08
[    1.600000] Bad eraseblock 5 at 0x0000000a0000
[    1.600000] ar934x-nfc ar934x-nfc: read, column=2048 page=384 len=64
[    1.610000] ar934x-nfc ar934x-nfc: read a0:01800800 a1:00000000 len:40 cmd:0030006a dma:000000cc ctrl:000c0b55
[    1.620000] ar934x-nfc ar934x-nfc: got IRQ, status:00000010
[    1.630000] [data] 00000000: 08 08 08 38 08 08 08 08 08 08 08 08 08 08 08 08
[    1.630000] [data] 00000010: 08 08 08 08 08 08 08 08 08 08 08 08 08 08 08 08
[    1.640000] [data] 00000020: 08 08 08 08 08 08 08 08 08 08 08 08 08 08 08 08
[    1.650000] [data] 00000030: 08 08 08 08 08 08 08 08 08 08 08 08 08 08 08 08
[    1.660000] Bad eraseblock 6 at 0x0000000c0000
[    1.660000] ar934x-nfc ar934x-nfc: read, column=2048 page=448 len=64
[    1.670000] ar934x-nfc ar934x-nfc: read a0:01c00800 a1:00000000 len:40 cmd:0030006a dma:000000cc ctrl:000c0b55
[    1.680000] ar934x-nfc ar934x-nfc: got IRQ, status:00000010
[    1.680000] [data] 00000000: 08 08 08 38 08 08 08 08 08 08 08 08 08 08 08 08
[    1.690000] [data] 00000010: 08 08 08 08 08 08 08 08 08 08 08 08 08 08 08 08
[    1.700000] [data] 00000020: 08 08 08 08 08 08 08 08 08 08 08 08 08 08 08 08
[    1.700000] [data] 00000030: 08 08 08 08 08 08 08 08 08 08 08 08 08 08 08 08
[    1.710000] Bad eraseblock 7 at 0x0000000e0000
[    1.720000] ar934x-nfc ar934x-nfc: read, column=2048 page=512 len=64
[    1.720000] ar934x-nfc ar934x-nfc: read a0:02000800 a1:00000000 len:40 cmd:0030006a dma:000000cc ctrl:000c0b55
[    1.730000] ar934x-nfc ar934x-nfc: got IRQ, status:00000010
[    1.740000] [data] 00000000: 08 08 08 38 08 08 08 08 08 08 08 08 08 08 08 08
[    1.750000] [data] 00000010: 08 08 08 08 08 08 08 08 08 08 08 08 08 08 08 08
[    1.750000] [data] 00000020: 08 08 08 08 08 08 08 08 08 08 08 08 08 08 08 08
[    1.760000] [data] 00000030: 08 08 08 08 08 08 08 08 08 08 08 08 08 08 08 08
[    1.770000] Bad eraseblock 8 at 0x000000100000
[    1.770000] ar934x-nfc ar934x-nfc: read, column=2048 page=576 len=64
[    1.780000] ar934x-nfc ar934x-nfc: read a0:02400800 a1:00000000 len:40 cmd:0030006a dma:000000cc ctrl:000c0b55
[    1.790000] ar934x-nfc ar934x-nfc: got IRQ, status:00000010
[    1.790000] [data] 00000000: 08 08 08 38 08 08 08 08 08 08 08 08 08 08 08 08
[    1.800000] [data] 00000010: 08 08 08 08 08 08 08 08 08 08 08 08 08 08 08 08
[    1.810000] [data] 00000020: 08 08 08 08 08 08 08 08 08 08 08 08 08 08 08 08
[    1.810000] [data] 00000030: 08 08 08 08 08 08 08 08 08 08 08 08 08 08 08 08
[    1.820000] Bad eraseblock 9 at 0x000000120000
[    1.830000] ar934x-nfc ar934x-nfc: read, column=2048 page=640 len=64
[    1.830000] ar934x-nfc ar934x-nfc: read a0:02800800 a1:00000000 len:40 cmd:0030006a dma:000000cc ctrl:000c0b55
[    1.840000] ar934x-nfc ar934x-nfc: got IRQ, status:00000010
[    1.850000] [data] 00000000: 08 08 08 38 08 08 08 08 08 08 08 08 08 08 08 08
[    1.860000] [data] 00000010: 08 08 08 08 08 08 08 08 08 08 08 08 08 08 08 08
[    1.860000] [data] 00000020: 08 08 08 08 08 08 08 08 08 08 08 08 08 08 08 08
[    1.870000] [data] 00000030: 08 08 08 08 08 08 08 08 08 08 08 08 08 08 08 08
[    1.880000] Bad eraseblock 10 at 0x000000140000
[    1.880000] ar934x-nfc ar934x-nfc: read, column=2048 page=704 len=64
[    1.890000] ar934x-nfc ar934x-nfc: read a0:02c00800 a1:00000000 len:40 cmd:0030006a dma:000000cc ctrl:000c0b55
[    1.900000] ar934x-nfc ar934x-nfc: got IRQ, status:00000010
[    1.900000] [data] 00000000: 08 08 08 38 08 08 08 08 08 08 08 08 08 08 08 08
[    1.910000] [data] 00000010: 08 08 08 08 08 08 08 08 08 08 08 08 08 08 08 08
[    1.920000] [data] 00000020: 08 08 08 08 08 08 08 08 08 08 08 08 08 08 08 08
[    1.930000] [data] 00000030: 08 08 08 08 08 08 08 08 08 08 08 08 08 08 08 08
[    1.930000] Bad eraseblock 11 at 0x000000160000
[    1.940000] ar934x-nfc ar934x-nfc: read, column=2048 page=768 len=64
[    1.940000] ar934x-nfc ar934x-nfc: read a0:03000800 a1:00000000 len:40 cmd:0030006a dma:000000cc ctrl:000c0b55
[    1.950000] ar934x-nfc ar934x-nfc: got IRQ, status:00000010
[    1.960000] [data] 00000000: 08 08 08 38 08 08 08 08 08 08 08 08 08 08 08 08
[    1.970000] [data] 00000010: 08 08 08 08 08 08 08 08 08 08 08 08 08 08 08 08
[    1.970000] [data] 00000020: 08 08 08 08 08 08 08 08 08 08 08 08 08 08 08 08
[    1.980000] [data] 00000030: 08 08 08 08 08 08 08 08 08 08 08 08 08 08 08 08
[    1.990000] Bad eraseblock 12 at 0x000000180000
[    1.990000] ar934x-nfc ar934x-nfc: read, column=2048 page=832 len=64
[    2.000000] ar934x-nfc ar934x-nfc: read a0:03400800 a1:00000000 len:40 cmd:0030006a dma:000000cc ctrl:000c0b55
[    2.010000] ar934x-nfc ar934x-nfc: got IRQ, status:00000010
[    2.020000] [data] 00000000: 08 08 08 38 08 08 08 08 08 08 08 08 08 08 08 08
[    2.020000] [data] 00000010: 08 08 08 08 08 08 08 08 08 08 08 08 08 08 08 08
[    2.030000] [data] 00000020: 08 08 08 08 08 08 08 08 08 08 08 08 08 08 08 08
[    2.040000] [data] 00000030: 08 08 08 08 08 08 08 08 08 08 08 08 08 08 08 08
[    2.040000] Bad eraseblock 13 at 0x0000001a0000
[    2.050000] ar934x-nfc ar934x-nfc: read, column=2048 page=896 len=64
[    2.060000] ar934x-nfc ar934x-nfc: read a0:03800800 a1:00000000 len:40 cmd:0030006a dma:000000cc ctrl:000c0b55
[    2.070000] ar934x-nfc ar934x-nfc: got IRQ, status:00000010
[    2.070000] [data] 00000000: 08 08 08 38 08 08 08 08 08 08 08 08 08 08 08 08
[    2.080000] [data] 00000010: 08 08 08 08 08 08 08 08 08 08 08 08 08 08 08 08
[    2.090000] [data] 00000020: 08 08 08 08 08 08 08 08 08 08 08 08 08 08 08 08
[    2.090000] [data] 00000030: 08 08 08 08 08 08 08 08 08 08 08 08 08 08 08 08
[    2.100000] Bad eraseblock 14 at 0x0000001c0000
[    2.100000] ar934x-nfc ar934x-nfc: read, column=2048 page=960 len=64
[    2.110000] ar934x-nfc ar934x-nfc: read a0:03c00800 a1:00000000 len:40 cmd:0030006a dma:000000cc ctrl:000c0b55
[    2.120000] ar934x-nfc ar934x-nfc: got IRQ, status:00000010
[    2.130000] [data] 00000000: 08 08 08 38 08 08 08 08 08 08 08 08 08 08 08 08
[    2.130000] [data] 00000010: 08 08 08 08 08 08 08 08 08 08 08 08 08 08 08 08
[    2.140000] [data] 00000020: 08 08 08 08 08 08 08 08 08 08 08 08 08 08 08 08
[    2.150000] [data] 00000030: 08 08 08 08 08 08 08 08 08 08 08 08 08 08 08 08
[    2.160000] Bad eraseblock 15 at 0x0000001e0000
[    2.160000] ar934x-nfc ar934x-nfc: read, column=2048 page=1024 len=64
[    2.170000] ar934x-nfc ar934x-nfc: read a0:04000800 a1:00000000 len:40 cmd:0030006a dma:000000cc ctrl:000c0b55
[    2.180000] ar934x-nfc ar934x-nfc: got IRQ, status:00000010
[    2.180000] [data] 00000000: 08 08 08 38 08 08 08 08 08 08 08 08 08 08 08 08
[    2.190000] [data] 00000010: 08 08 08 08 08 08 08 08 08 08 08 08 08 08 08 08
[    2.200000] [data] 00000020: 08 08 08 08 08 08 08 08 08 08 08 08 08 08 08 08
[    2.200000] [data] 00000030: 08 08 08 08 08 08 08 08 08 08 08 08 08 08 08 08
[    2.210000] Bad eraseblock 16 at 0x000000200000
[    2.220000] ar934x-nfc ar934x-nfc: read, column=2048 page=1088 len=64
[    2.220000] ar934x-nfc ar934x-nfc: read a0:04400800 a1:00000000 len:40 cmd:0030006a dma:000000cc ctrl:000c0b55
[    2.230000] ar934x-nfc ar934x-nfc: got IRQ, status:00000010
[    2.240000] [data] 00000000: 08 08 08 38 08 08 08 08 08 08 08 08 08 08 08 08
[    2.240000] [data] 00000010: 08 08 08 08 08 08 08 08 08 08 08 08 08 08 08 08
[    2.250000] [data] 00000020: 08 08 08 08 08 08 08 08 08 08 08 08 08 08 08 08
[    2.260000] [data] 00000030: 08 08 08 08 08 08 08 08 08 08 08 08 08 08 08 08
[    2.270000] Bad eraseblock 17 at 0x000000220000
[    2.270000] ar934x-nfc ar934x-nfc: read, column=2048 page=1152 len=64
[    2.280000] ar934x-nfc ar934x-nfc: read a0:04800800 a1:00000000 len:40 cmd:0030006a dma:000000cc ctrl:000c0b55
[    2.290000] ar934x-nfc ar934x-nfc: got IRQ, status:00000010
[    2.290000] [data] 00000000: 08 08 08 38 08 08 08 08 08 08 08 08 08 08 08 08
[    2.300000] [data] 00000010: 08 08 08 08 08 08 08 08 08 08 08 08 08 08 08 08
[    2.310000] [data] 00000020: 08 08 08 08 08 08 08 08 08 08 08 08 08 08 08 08
[    2.310000] [data] 00000030: 08 08 08 08 08 08 08 08 08 08 08 08 08 08 08 08
[    2.320000] Bad eraseblock 18 at 0x000000240000
[    2.330000] ar934x-nfc ar934x-nfc: read, column=2048 page=1216 len=64
[    2.330000] ar934x-nfc ar934x-nfc: read a0:04c00800 a1:00000000 len:40 cmd:0030006a dma:000000cc ctrl:000c0b55
[    2.340000] ar934x-nfc ar934x-nfc: got IRQ, status:00000010
[    2.350000] [data] 00000000: 08 08 08 38 08 08 08 08 08 08 08 08 08 08 08 08
[    2.360000] [data] 00000010: 08 08 08 08 08 08 08 08 08 08 08 08 08 08 08 08
[    2.360000] [data] 00000020: 08 08 08 08 08 08 08 08 08 08 08 08 08 08 08 08
[    2.370000] [data] 00000030: 08 08 08 08 08 08 08 08 08 08 08 08 08 08 08 08
[    2.380000] Bad eraseblock 19 at 0x000000260000
[    2.380000] ar934x-nfc ar934x-nfc: read, column=2048 page=1280 len=64
[    2.390000] ar934x-nfc ar934x-nfc: read a0:05000800 a1:00000000 len:40 cmd:0030006a dma:000000cc ctrl:000c0b55
[    2.400000] ar934x-nfc ar934x-nfc: got IRQ, status:00000010
[    2.400000] [data] 00000000: 08 08 08 38 08 08 08 08 08 08 08 08 08 08 08 08
[    2.410000] [data] 00000010: 08 08 08 08 08 08 08 08 08 08 08 08 08 08 08 08
[    2.420000] [data] 00000020: 08 08 08 08 08 08 08 08 08 08 08 08 08 08 08 08
[    2.430000] [data] 00000030: 08 08 08 08 08 08 08 08 08 08 08 08 08 08 08 08
[    2.430000] Bad eraseblock 20 at 0x000000280000
[    2.440000] ar934x-nfc ar934x-nfc: read, column=2048 page=1344 len=64
[    2.440000] ar934x-nfc ar934x-nfc: read a0:05400800 a1:00000000 len:40 cmd:0030006a dma:000000cc ctrl:000c0b55
[    2.450000] ar934x-nfc ar934x-nfc: got IRQ, status:00000010
[    2.460000] [data] 00000000: 08 08 08 38 08 08 08 08 08 08 08 08 08 08 08 08
[    2.470000] [data] 00000010: 08 08 08 08 08 08 08 08 08 08 08 08 08 08 08 08
[    2.470000] [data] 00000020: 08 08 08 08 08 08 08 08 08 08 08 08 08 08 08 08
[    2.480000] [data] 00000030: 08 08 08 08 08 08 08 08 08 08 08 08 08 08 08 08
[    2.490000] Bad eraseblock 21 at 0x0000002a0000
[    2.490000] ar934x-nfc ar934x-nfc: read, column=2048 page=1408 len=64
[    2.500000] ar934x-nfc ar934x-nfc: read a0:05800800 a1:00000000 len:40 cmd:0030006a dma:000000cc ctrl:000c0b55
[    2.510000] ar934x-nfc ar934x-nfc: got IRQ, status:00000010
[    2.520000] [data] 00000000: 08 08 08 38 08 08 08 08 08 08 08 08 08 08 08 08
[    2.520000] [data] 00000010: 08 08 08 08 08 08 08 08 08 08 08 08 08 08 08 08
[    2.530000] [data] 00000020: 08 08 08 08 08 08 08 08 08 08 08 08 08 08 08 08
[    2.540000] [data] 00000030: 08 08 08 08 08 08 08 08 08 08 08 08 08 08 08 08
[    2.540000] Bad eraseblock 22 at 0x0000002c0000
[    2.550000] ar934x-nfc ar934x-nfc: read, column=2048 page=1472 len=64
[    2.560000] ar934x-nfc ar934x-nfc: read a0:05c00800 a1:00000000 len:40 cmd:0030006a dma:000000cc ctrl:000c0b55
[    2.570000] ar934x-nfc ar934x-nfc: got IRQ, status:00000010
[    2.570000] [data] 00000000: 08 08 08 38 08 08 08 08 08 08 08 08 08 08 08 08
[    2.580000] [data] 00000010: 08 08 08 08 08 08 08 08 08 08 08 08 08 08 08 08
[    2.590000] [data] 00000020: 08 08 08 08 08 08 08 08 08 08 08 08 08 08 08 08
[    2.590000] [data] 00000030: 08 08 08 08 08 08 08 08 08 08 08 08 08 08 08 08
[    2.600000] Bad eraseblock 23 at 0x0000002e0000
[    2.600000] ar934x-nfc ar934x-nfc: read, column=2048 page=1536 len=64
[    2.610000] ar934x-nfc ar934x-nfc: read a0:06000800 a1:00000000 len:40 cmd:0030006a dma:000000cc ctrl:000c0b55
[    2.620000] ar934x-nfc ar934x-nfc: got IRQ, status:00000010
[    2.630000] [data] 00000000: 08 08 08 38 08 08 08 08 08 08 08 08 08 08 08 08
[    2.630000] [data] 00000010: 08 08 08 08 08 08 08 08 08 08 08 08 08 08 08 08
[    2.640000] [data] 00000020: 08 08 08 08 08 08 08 08 08 08 08 08 08 08 08 08
[    2.650000] [data] 00000030: 08 08 08 08 08 08 08 08 08 08 08 08 08 08 08 08
[    2.660000] Bad eraseblock 24 at 0x000000300000
[    2.660000] ar934x-nfc ar934x-nfc: read, column=2048 page=1600 len=64
[    2.670000] ar934x-nfc ar934x-nfc: read a0:06400800 a1:00000000 len:40 cmd:0030006a dma:000000cc ctrl:000c0b55
[    2.680000] ar934x-nfc ar934x-nfc: got IRQ, status:00000010
[    2.680000] [data] 00000000: 08 08 08 38 08 08 08 08 08 08 08 08 08 08 08 08
[    2.690000] [data] 00000010: 08 08 08 08 08 08 08 08 08 08 08 08 08 08 08 08
[    2.700000] [data] 00000020: 08 08 08 08 08 08 08 08 08 08 08 08 08 08 08 08
[    2.700000] [data] 00000030: 08 08 08 08 08 08 08 08 08 08 08 08 08 08 08 08
[    2.710000] Bad eraseblock 25 at 0x000000320000
[    2.720000] ar934x-nfc ar934x-nfc: read, column=2048 page=1664 len=64
[    2.720000] ar934x-nfc ar934x-nfc: read a0:06800800 a1:00000000 len:40 cmd:0030006a dma:000000cc ctrl:000c0b55
[    2.730000] ar934x-nfc ar934x-nfc: got IRQ, status:00000010
[    2.740000] [data] 00000000: 08 08 08 38 08 08 08 08 08 08 08 08 08 08 08 08
[    2.750000] [data] 00000010: 08 08 08 08 08 08 08 08 08 08 08 08 08 08 08 08
[    2.750000] [data] 00000020: 08 08 08 08 08 08 08 08 08 08 08 08 08 08 08 08
[    2.760000] [data] 00000030: 08 08 08 08 08 08 08 08 08 08 08 08 08 08 08 08
[    2.770000] Bad eraseblock 26 at 0x000000340000

Then remove the pull-up on the date line bit3:

[    0.280000] ar71xx: using random MAC address for eth1
[    0.490000] ===MHX (vip2_ac_setup): registering NAND===
[    0.490000] ===MHX(ar934x_nfc_setup): NAND Flash set up finished.
[    0.500000] bio: create slab <bio-0> at 0
[    0.500000] i2c i2c-0: Not I2C compliant: can't read SCL
[    0.500000] i2c i2c-0: Bus may be unreliable
[    0.500000] i2c-gpio i2c-gpio.0: using pins 17 (SDA) and 16 (SCL, no clock stretching)
[    0.500000] PCI host bridge to bus 0000:00
[    0.500000] pci_bus 0000:00: root bus resource [mem 0x10000000-0x13ffffff]
[    0.500000] pci_bus 0000:00: root bus resource [io  0x0000]
[    0.500000] pci_bus 0000:00: No busn resource found for root bus, will use [bus 00-ff]
[    0.500000] pci_bus 0000:00: busn_res: [bus 00-ff] end is updated to 00
[    0.500000] Switching to clocksource MIPS
[    0.500000] NET: Registered protocol family 2
[    0.500000] TCP established hash table entries: 1024 (order: 1, 8192 bytes)
[    0.500000] TCP bind hash table entries: 1024 (order: 0, 4096 bytes)
[    0.500000] TCP: Hash tables configured (established 1024 bind 1024)
[    0.500000] TCP: reno registered
[    0.500000] UDP hash table entries: 256 (order: 0, 4096 bytes)
[    0.500000] UDP-Lite hash table entries: 256 (order: 0, 4096 bytes)
[    0.500000] NET: Registered protocol family 1
[    0.500000] PCI: CLS 0 bytes, default 32
[    0.510000] squashfs: version 4.0 (2009/01/31) Phillip Lougher
[    0.510000] jffs2: version 2.2 (NAND) (SUMMARY) (LZMA) (RTIME) (CMODE_PRIORITY) (c) 2001-2006 Red Hat, Inc.
[    0.520000] msgmni has been set to 246
[    0.520000] io scheduler noop registered
[    0.520000] io scheduler deadline registered (default)
[    0.520000] Serial: 8250/16550 driver, 1 ports, IRQ sharing disabled
[    0.540000] serial8250.0: ttyS0 at MMIO 0x18020000 (irq = 11) is a 16550A
[    0.950000] console [ttyS0] enabled
[    0.960000] ath79-spi ath79-spi: master is unqueued, this is deprecated
[    0.970000] m25p80 spi0.0: found s25fl512s, expected m25p80
[    0.970000] Set to pure 4byte address mode
[    0.980000] m25p80 spi0.0: s25fl512s (65536 Kbytes)
[    0.980000] 11 cmdlinepart partitions found on MTD device spi0.0
[    0.990000] Creating 11 MTD partitions on "spi0.0":
[    0.990000] 0x000000000000-0x000000080000 : "u-boot"
[    1.000000] 0x000000080000-0x0000000c0000 : "u-boot-env"
[    1.010000] 0x0000000c0000-0x000000100000 : "u-boot-env-bak"
[    1.020000] 0x000000100000-0x000000300000 : "kernel"
[    1.020000] 0x000000300000-0x000001bc0000 : "rootfs"
[    1.030000] 1 squashfs-split partitions found on MTD device rootfs
[    1.040000] 0x0000007c0000-0x000001bc0000 : "rootfs_data"
[    1.040000] 0x000001bc0000-0x000001fc0000 : "mhs-data"
[    1.050000] 0x000001fc0000-0x000002000000 : "art"
[    1.060000] 0x000002000000-0x000002200000 : "kernel-bak"
[    1.060000] 0x000002200000-0x000003ac0000 : "rootfs-bak"
[    1.070000] 0x000003ac0000-0x000003f40000 : "NVM-zone"
[    1.080000] 0x000003f40000-0x000004000000 : "pro-zone"
[    1.080000] ===MHX1.1(ar934x_nfc_probe) probing NFC.
[    1.090000] ar934x-nfc ar934x-nfc: buf:a793f000 size:8
[    1.090000] ===MHX1.2(ar934x_nfc_probe) probing NFC.
[    1.100000] ===MHX3.1(nand_scan_ident) bus width=0. chip options=0
[    1.110000] ar934x-nfc ar934x-nfc: readid, cmd:90
[    1.110000] ar934x-nfc ar934x-nfc: read a0:ffff0000 a1:0000000f len:8 cmd:00000961 dma:000000cc ctrl:00000810
[    1.120000] ar934x-nfc ar934x-nfc: got IRQ, status:00000010
[    1.130000] [id] 00000000: a9 09 5b 80 09 5b 80 22
[    1.130000] ar934x-nfc ar934x-nfc: readid, cmd:90
[    1.140000] ar934x-nfc ar934x-nfc: read a0:ffff0000 a1:0000000f len:8 cmd:00000961 dma:000000cc ctrl:00000810
[    1.150000] ar934x-nfc ar934x-nfc: got IRQ, status:00000010
[    1.150000] [id] 00000000: a9 09 5b 80 09 5b 80 22
[    1.160000] ===MHX 2.1(nand_get_flash_type) Sent READID command 90. 
===MHX(nand_get_flash_type)2.2 id_data[0]=1
===MHX(nand_get_flash_type)2.2 id_data[1]=da
===MHX(nand_get_flash_type)2.2 id_data[2]=90
===MHX(nand_get_flash_type)2.2 id_data[3]=95
===MHX(nand_get_flash_type)2.2 id_data[4]=44
===MHX(nand_get_flash_type)2.2 id_data[5]=1
===MHX(nand_get_flash_type)2.2 id_data[6]=da
===MHX(nand_get_flash_type)2.2 id_data[7]=90
[    1.190000] ar934x-nfc ar934x-nfc: readid, cmd:90
[    1.200000] ar934x-nfc ar934x-nfc: read a0:ffff0000 a1:0000000f len:8 cmd:00000961 dma:000000cc ctrl:00000810
[    1.210000] ar934x-nfc ar934x-nfc: got IRQ, status:00000010
[    1.210000] [id] 00000000: a9 09 5b 80 09 5b 80 22
[    1.220000] NAND device: Manufacturer ID: 0x01, Chip ID: 0xda (AMD/Spansion NAND 256MiB 3,3V 8-bit), 256MiB, page size: 2048, OOB size: 64
[    1.230000] ar934x-nfc ar934x-nfc: buf:a793f000 size:2112
[    1.240000] Scanning device for bad blocks
[    1.240000] ar934x-nfc ar934x-nfc: read, column=2048 page=0 len=64
[    1.250000] ar934x-nfc ar934x-nfc: read a0:00000800 a1:00000000 len:40 cmd:0030006a dma:000000cc ctrl:000c0b55
[    1.260000] ar934x-nfc ar934x-nfc: got IRQ, status:00000010
[    1.260000] [data] 00000000: 00 00 00 30 00 00 00 00 00 00 00 00 00 00 00 00
[    1.270000] [data] 00000010: 00 00 00 00 00 00 00 00 00 00 00 00 00 00 00 00
[    1.280000] [data] 00000020: 00 00 00 00 00 00 00 00 00 00 00 00 00 00 00 00
[    1.280000] [data] 00000030: 00 00 00 00 00 00 00 00 00 00 00 00 00 00 00 00
[    1.290000] Bad eraseblock 0 at 0x000000000000
[    1.300000] ar934x-nfc ar934x-nfc: read, column=2048 page=64 len=64
[    1.300000] ar934x-nfc ar934x-nfc: read a0:00400800 a1:00000000 len:40 cmd:0030006a dma:000000cc ctrl:000c0b55
[    1.310000] ar934x-nfc ar934x-nfc: got IRQ, status:00000010
[    1.320000] [data] 00000000: 00 00 00 30 00 00 00 00 00 00 00 00 00 00 00 00
[    1.330000] [data] 00000010: 00 00 00 00 00 00 00 00 00 00 00 00 00 00 00 00
[    1.330000] [data] 00000020: 00 00 00 00 00 00 00 00 00 00 00 00 00 00 00 00
[    1.340000] [data] 00000030: 00 00 00 00 00 00 00 00 00 00 00 00 00 00 00 00
[    1.350000] Bad eraseblock 1 at 0x000000020000
[    1.350000] ar934x-nfc ar934x-nfc: read, column=2048 page=128 len=64
[    1.360000] ar934x-nfc ar934x-nfc: read a0:00800800 a1:00000000 len:40 cmd:0030006a dma:000000cc ctrl:000c0b55
[    1.370000] ar934x-nfc ar934x-nfc: got IRQ, status:00000010
[    1.370000] [data] 00000000: 00 00 00 30 00 00 00 00 00 00 00 00 00 00 00 00
[    1.380000] [data] 00000010: 00 00 00 00 00 00 00 00 00 00 00 00 00 00 00 00
[    1.390000] [data] 00000020: 00 00 00 00 00 00 00 00 00 00 00 00 00 00 00 00
[    1.400000] [data] 00000030: 00 00 00 00 00 00 00 00 00 00 00 00 00 00 00 00
[    1.400000] Bad eraseblock 2 at 0x000000040000
[    1.410000] ar934x-nfc ar934x-nfc: read, column=2048 page=192 len=64
[    1.410000] ar934x-nfc ar934x-nfc: read a0:00c00800 a1:00000000 len:40 cmd:0030006a dma:000000cc ctrl:000c0b55
[    1.420000] ar934x-nfc ar934x-nfc: got IRQ, status:00000010
[    1.430000] [data] 00000000: 00 00 00 30 00 00 00 00 00 00 00 00 00 00 00 00
[    1.440000] [data] 00000010: 00 00 00 00 00 00 00 00 00 00 00 00 00 00 00 00
[    1.440000] [data] 00000020: 00 00 00 00 00 00 00 00 00 00 00 00 00 00 00 00
[    1.450000] [data] 00000030: 00 00 00 00 00 00 00 00 00 00 00 00 00 00 00 00
[    1.460000] Bad eraseblock 3 at 0x000000060000
[    1.460000] ar934x-nfc ar934x-nfc: read, column=2048 page=256 len=64
[    1.470000] ar934x-nfc ar934x-nfc: read a0:01000800 a1:00000000 len:40 cmd:0030006a dma:000000cc ctrl:000c0b55
[    1.480000] ar934x-nfc ar934x-nfc: got IRQ, status:00000010
[    1.490000] [data] 00000000: 00 00 00 30 00 00 00 00 00 00 00 00 00 00 00 00
[    1.490000] [data] 00000010: 00 00 00 00 00 00 00 00 00 00 00 00 00 00 00 00
[    1.500000] [data] 00000020: 00 00 00 00 00 00 00 00 00 00 00 00 00 00 00 00
[    1.510000] [data] 00000030: 00 00 00 00 00 00 00 00 00 00 00 00 00 00 00 00
[    1.510000] Bad eraseblock 4 at 0x000000080000
[    1.520000] ar934x-nfc ar934x-nfc: read, column=2048 page=320 len=64
[    1.520000] ar934x-nfc ar934x-nfc: read a0:01400800 a1:00000000 len:40 cmd:0030006a dma:000000cc ctrl:000c0b55
[    1.530000] ar934x-nfc ar934x-nfc: got IRQ, status:00000010
[    1.540000] [data] 00000000: 00 00 00 30 00 00 00 00 00 00 00 00 00 00 00 00
[    1.550000] [data] 00000010: 00 00 00 00 00 00 00 00 00 00 00 00 00 00 00 00
[    1.550000] [data] 00000020: 00 00 00 00 00 00 00 00 00 00 00 00 00 00 00 00
[    1.560000] [data] 00000030: 00 00 00 00 00 00 00 00 00 00 00 00 00 00 00 00
[    1.570000] Bad eraseblock 5 at 0x0000000a0000
[    1.570000] ar934x-nfc ar934x-nfc: read, column=2048 page=384 len=64
[    1.580000] ar934x-nfc ar934x-nfc: read a0:01800800 a1:00000000 len:40 cmd:0030006a dma:000000cc ctrl:000c0b55
[    1.590000] ar934x-nfc ar934x-nfc: got IRQ, status:00000010
[    1.600000] [data] 00000000: 00 00 00 30 00 00 00 00 00 00 00 00 00 00 00 00
[    1.600000] [data] 00000010: 00 00 00 00 00 00 00 00 00 00 00 00 00 00 00 00
[    1.610000] [data] 00000020: 00 00 00 00 00 00 00 00 00 00 00 00 00 00 00 00
[    1.620000] [data] 00000030: 00 00 00 00 00 00 00 00 00 00 00 00 00 00 00 00
[    1.620000] Bad eraseblock 6 at 0x0000000c0000
[    1.630000] ar934x-nfc ar934x-nfc: read, column=2048 page=448 len=64
[    1.640000] ar934x-nfc ar934x-nfc: read a0:01c00800 a1:00000000 len:40 cmd:0030006a dma:000000cc ctrl:000c0b55
[    1.650000] ar934x-nfc ar934x-nfc: got IRQ, status:00000010
[    1.650000] [data] 00000000: 00 00 00 30 00 00 00 00 00 00 00 00 00 00 00 00
[    1.660000] [data] 00000010: 00 00 00 00 00 00 00 00 00 00 00 00 00 00 00 00
[    1.670000] [data] 00000020: 00 00 00 00 00 00 00 00 00 00 00 00 00 00 00 00
[    1.670000] [data] 00000030: 00 00 00 00 00 00 00 00 00 00 00 00 00 00 00 00
[    1.680000] Bad eraseblock 7 at 0x0000000e0000
[    1.680000] ar934x-nfc ar934x-nfc: read, column=2048 page=512 len=64
[    1.690000] ar934x-nfc ar934x-nfc: read a0:02000800 a1:00000000 len:40 cmd:0030006a dma:000000cc ctrl:000c0b55
[    1.700000] ar934x-nfc ar934x-nfc: got IRQ, status:00000010
[    1.710000] [data] 00000000: 00 00 00 30 00 00 00 00 00 00 00 00 00 00 00 00
[    1.710000] [data] 00000010: 00 00 00 00 00 00 00 00 00 00 00 00 00 00 00 00
[    1.720000] [data] 00000020: 00 00 00 00 00 00 00 00 00 00 00 00 00 00 00 00
[    1.730000] [data] 00000030: 00 00 00 00 00 00 00 00 00 00 00 00 00 00 00 00
[    1.740000] Bad eraseblock 8 at 0x000000100000
[    1.740000] ar934x-nfc ar934x-nfc: read, column=2048 page=576 len=64
[    1.750000] ar934x-nfc ar934x-nfc: read a0:02400800 a1:00000000 len:40 cmd:0030006a dma:000000cc ctrl:000c0b55
[    1.760000] ar934x-nfc ar934x-nfc: got IRQ, status:00000010
[    1.760000] [data] 00000000: 00 00 00 30 00 00 00 00 00 00 00 00 00 00 00 00
[    1.770000] [data] 00000010: 00 00 00 00 00 00 00 00 00 00 00 00 00 00 00 00
[    1.780000] [data] 00000020: 00 00 00 00 00 00 00 00 00 00 00 00 00 00 00 00
[    1.780000] [data] 00000030: 00 00 00 00 00 00 00 00 00 00 00 00 00 00 00 00
[    1.790000] Bad eraseblock 9 at 0x000000120000
[    1.800000] ar934x-nfc ar934x-nfc: read, column=2048 page=640 len=64
[    1.800000] ar934x-nfc ar934x-nfc: read a0:02800800 a1:00000000 len:40 cmd:0030006a dma:000000cc ctrl:000c0b55
[    1.810000] ar934x-nfc ar934x-nfc: got IRQ, status:00000010
[    1.820000] [data] 00000000: 00 00 00 30 00 00 00 00 00 00 00 00 00 00 00 00
[    1.820000] [data] 00000010: 00 00 00 00 00 00 00 00 00 00 00 00 00 00 00 00
[    1.830000] [data] 00000020: 00 00 00 00 00 00 00 00 00 00 00 00 00 00 00 00
[    1.840000] [data] 00000030: 00 00 00 00 00 00 00 00 00 00 00 00 00 00 00 00
[    1.850000] Bad eraseblock 10 at 0x000000140000
[    1.850000] ar934x-nfc ar934x-nfc: read, column=2048 page=704 len=64
[    1.860000] ar934x-nfc ar934x-nfc: read a0:02c00800 a1:00000000 len:40 cmd:0030006a dma:000000cc ctrl:000c0b55
[    1.870000] ar934x-nfc ar934x-nfc: got IRQ, status:00000010
[    1.870000] [data] 00000000: 00 00 00 30 00 00 00 00 00 00 00 00 00 00 00 00
[    1.880000] [data] 00000010: 00 00 00 00 00 00 00 00 00 00 00 00 00 00 00 00
[    1.890000] [data] 00000020: 00 00 00 00 00 00 00 00 00 00 00 00 00 00 00 00
[    1.890000] [data] 00000030: 00 00 00 00 00 00 00 00 00 00 00 00 00 00 00 00
[    1.900000] Bad eraseblock 11 at 0x000000160000
[    1.910000] ar934x-nfc ar934x-nfc: read, column=2048 page=768 len=64
[    1.910000] ar934x-nfc ar934x-nfc: read a0:03000800 a1:00000000 len:40 cmd:0030006a dma:000000cc ctrl:000c0b55
[    1.920000] ar934x-nfc ar934x-nfc: got IRQ, status:00000010
[    1.930000] [data] 00000000: 00 00 00 30 00 00 00 00 00 00 00 00 00 00 00 00
[    1.940000] [data] 00000010: 00 00 00 00 00 00 00 00 00 00 00 00 00 00 00 00
[    1.940000] [data] 00000020: 00 00 00 00 00 00 00 00 00 00 00 00 00 00 00 00
[    1.950000] [data] 00000030: 00 00 00 00 00 00 00 00 00 00 00 00 00 00 00 00
[    1.960000] Bad eraseblock 12 at 0x000000180000
[    1.960000] ar934x-nfc ar934x-nfc: read, column=2048 page=832 len=64
[    1.970000] ar934x-nfc ar934x-nfc: read a0:03400800 a1:00000000 len:40 cmd:0030006a dma:000000cc ctrl:000c0b55
[    1.980000] ar934x-nfc ar934x-nfc: got IRQ, status:00000010
[    1.980000] [data] 00000000: 00 00 00 30 00 00 00 00 00 00 00 00 00 00 00 00
[    1.990000] [data] 00000010: 00 00 00 00 00 00 00 00 00 00 00 00 00 00 00 00
[    2.000000] [data] 00000020: 00 00 00 00 00 00 00 00 00 00 00 00 00 00 00 00
[    2.010000] [data] 00000030: 00 00 00 00 00 00 00 00 00 00 00 00 00 00 00 00
[    2.010000] Bad eraseblock 13 at 0x0000001a0000
[    2.020000] ar934x-nfc ar934x-nfc: read, column=2048 page=896 len=64
[    2.020000] ar934x-nfc ar934x-nfc: read a0:03800800 a1:00000000 len:40 cmd:0030006a dma:000000cc ctrl:000c0b55
[    2.030000] ar934x-nfc ar934x-nfc: got IRQ, status:00000010
[    2.040000] [data] 00000000: 00 00 00 30 00 00 00 00 00 00 00 00 00 00 00 00
[    2.050000] [data] 00000010: 00 00 00 00 00 00 00 00 00 00 00 00 00 00 00 00
[    2.050000] [data] 00000020: 00 00 00 00 00 00 00 00 00 00 00 00 00 00 00 00
[    2.060000] [data] 00000030: 00 00 00 00 00 00 00 00 00 00 00 00 00 00 00 00
[    2.070000] Bad eraseblock 14 at 0x0000001c0000
[    2.070000] ar934x-nfc ar934x-nfc: read, column=2048 page=960 len=64
[    2.080000] ar934x-nfc ar934x-nfc: read a0:03c00800 a1:00000000 len:40 cmd:0030006a dma:000000cc ctrl:000c0b55
[    2.090000] ar934x-nfc ar934x-nfc: got IRQ, status:00000010
[    2.100000] [data] 00000000: 00 00 00 30 00 00 00 00 00 00 00 00 00 00 00 00
[    2.100000] [data] 00000010: 00 00 00 00 00 00 00 00 00 00 00 00 00 00 00 00
[    2.110000] [data] 00000020: 00 00 00 00 00 00 00 00 00 00 00 00 00 00 00 00
[    2.120000] [data] 00000030: 00 00 00 00 00 00 00 00 00 00 00 00 00 00 00 00
[    2.120000] Bad eraseblock 15 at 0x0000001e0000
[    2.130000] ar934x-nfc ar934x-nfc: read, column=2048 page=1024 len=64
[    2.140000] ar934x-nfc ar934x-nfc: read a0:04000800 a1:00000000 len:40 cmd:0030006a dma:000000cc ctrl:000c0b55
[    2.150000] ar934x-nfc ar934x-nfc: got IRQ, status:00000010
[    2.150000] [data] 00000000: 00 00 00 30 00 00 00 00 00 00 00 00 00 00 00 00
[    2.160000] [data] 00000010: 00 00 00 00 00 00 00 00 00 00 00 00 00 00 00 00
[    2.170000] [data] 00000020: 00 00 00 00 00 00 00 00 00 00 00 00 00 00 00 00
[    2.170000] [data] 00000030: 00 00 00 00 00 00 00 00 00 00 00 00 00 00 00 00
[    2.180000] Bad eraseblock 16 at 0x000000200000
[    2.180000] ar934x-nfc ar934x-nfc: read, column=2048 page=1088 len=64
[    2.190000] ar934x-nfc ar934x-nfc: read a0:04400800 a1:00000000 len:40 cmd:0030006a dma:000000cc ctrl:000c0b55
[    2.200000] ar934x-nfc ar934x-nfc: got IRQ, status:00000010
[    2.210000] [data] 00000000: 00 00 00 30 00 00 00 00 00 00 00 00 00 00 00 00
[    2.210000] [data] 00000010: 00 00 00 00 00 00 00 00 00 00 00 00 00 00 00 00
[    2.220000] [data] 00000020: 00 00 00 00 00 00 00 00 00 00 00 00 00 00 00 00
[    2.230000] [data] 00000030: 00 00 00 00 00 00 00 00 00 00 00 00 00 00 00 00
[    2.240000] Bad eraseblock 17 at 0x000000220000
[    2.240000] ar934x-nfc ar934x-nfc: read, column=2048 page=1152 len=64
[    2.250000] ar934x-nfc ar934x-nfc: read a0:04800800 a1:00000000 len:40 cmd:0030006a dma:000000cc ctrl:000c0b55
[    2.260000] ar934x-nfc ar934x-nfc: got IRQ, status:00000010
[    2.260000] [data] 00000000: 00 00 00 30 00 00 00 00 00 00 00 00 00 00 00 00
[    2.270000] [data] 00000010: 00 00 00 00 00 00 00 00 00 00 00 00 00 00 00 00
[    2.280000] [data] 00000020: 00 00 00 00 00 00 00 00 00 00 00 00 00 00 00 00
[    2.280000] [data] 00000030: 00 00 00 00 00 00 00 00 00 00 00 00 00 00 00 00
[    2.290000] Bad eraseblock 18 at 0x000000240000
[    2.300000] ar934x-nfc ar934x-nfc: read, column=2048 page=1216 len=64
[    2.300000] ar934x-nfc ar934x-nfc: read a0:04c00800 a1:00000000 len:40 cmd:0030006a dma:000000cc ctrl:000c0b55
[    2.310000] ar934x-nfc ar934x-nfc: got IRQ, status:00000010
[    2.320000] [data] 00000000: 00 00 00 30 00 00 00 00 00 00 00 00 00 00 00 00
[    2.330000] [data] 00000010: 00 00 00 00 00 00 00 00 00 00 00 00 00 00 00 00
[    2.330000] [data] 00000020: 00 00 00 00 00 00 00 00 00 00 00 00 00 00 00 00
[    2.340000] [data] 00000030: 00 00 00 00 00 00 00 00 00 00 00 00 00 00 00 00
[    2.350000] Bad eraseblock 19 at 0x000000260000
[    2.350000] ar934x-nfc ar934x-nfc: read, column=2048 page=1280 len=64
[    2.360000] ar934x-nfc ar934x-nfc: read a0:05000800 a1:00000000 len:40 cmd:0030006a dma:000000cc ctrl:000c0b55
[    2.370000] ar934x-nfc ar934x-nfc: got IRQ, status:00000010
[    2.370000] [data] 00000000: 00 00 00 30 00 00 00 00 00 00 00 00 00 00 00 00
[    2.380000] [data] 00000010: 00 00 00 00 00 00 00 00 00 00 00 00 00 00 00 00
[    2.390000] [data] 00000020: 00 00 00 00 00 00 00 00 00 00 00 00 00 00 00 00
[    2.400000] [data] 00000030: 00 00 00 00 00 00 00 00 00 00 00 00 00 00 00 00
[    2.400000] Bad eraseblock 20 at 0x000000280000
[    2.410000] ar934x-nfc ar934x-nfc: read, column=2048 page=1344 len=64
[    2.410000] ar934x-nfc ar934x-nfc: read a0:05400800 a1:00000000 len:40 cmd:0030006a dma:000000cc ctrl:000c0b55
[    2.420000] ar934x-nfc ar934x-nfc: got IRQ, status:00000010
[    2.430000] [data] 00000000: 00 00 00 30 00 00 00 00 00 00 00 00 00 00 00 00
[    2.440000] [data] 00000010: 00 00 00 00 00 00 00 00 00 00 00 00 00 00 00 00
[    2.440000] [data] 00000020: 00 00 00 00 00 00 00 00 00 00 00 00 00 00 00 00
[    2.450000] [data] 00000030: 00 00 00 00 00 00 00 00 00 00 00 00 00 00 00 00
[    2.460000] Bad eraseblock 21 at 0x0000002a0000
[    2.460000] ar934x-nfc ar934x-nfc: read, column=2048 page=1408 len=64
[    2.470000] ar934x-nfc ar934x-nfc: read a0:05800800 a1:00000000 len:40 cmd:0030006a dma:000000cc ctrl:000c0b55
[    2.480000] ar934x-nfc ar934x-nfc: got IRQ, status:00000010
[    2.480000] [data] 00000000: 00 00 00 30 00 00 00 00 00 00 00 00 00 00 00 00
[    2.490000] [data] 00000010: 00 00 00 00 00 00 00 00 00 00 00 00 00 00 00 00
[    2.500000] [data] 00000020: 00 00 00 00 00 00 00 00 00 00 00 00 00 00 00 00
[    2.510000] [data] 00000030: 00 00 00 00 00 00 00 00 00 00 00 00 00 00 00 00
[    2.510000] Bad eraseblock 22 at 0x0000002c0000
[    2.520000] ar934x-nfc ar934x-nfc: read, column=2048 page=1472 len=64
[    2.520000] ar934x-nfc ar934x-nfc: read a0:05c00800 a1:00000000 len:40 cmd:0030006a dma:000000cc ctrl:000c0b55
[    2.530000] ar934x-nfc ar934x-nfc: got IRQ, status:00000010
[    2.540000] [data] 00000000: 00 00 00 30 00 00 00 00 00 00 00 00 00 00 00 00
[    2.550000] [data] 00000010: 00 00 00 00 00 00 00 00 00 00 00 00 00 00 00 00
[    2.550000] [data] 00000020: 00 00 00 00 00 00 00 00 00 00 00 00 00 00 00 00
[    2.560000] [data] 00000030: 00 00 00 00 00 00 00 00 00 00 00 00 00 00 00 00
[    2.570000] Bad eraseblock 23 at 0x0000002e0000
[    2.570000] ar934x-nfc ar934x-nfc: read, column=2048 page=1536 len=64
[    2.580000] ar934x-nfc ar934x-nfc: read a0:06000800 a1:00000000 len:40 cmd:0030006a dma:000000cc ctrl:000c0b55
[    2.590000] ar934x-nfc ar934x-nfc: got IRQ, status:00000010
[    2.600000] [data] 00000000: 00 00 00 30 00 00 00 00 00 00 00 00 00 00 00 00
[    2.600000] [data] 00000010: 00 00 00 00 00 00 00 00 00 00 00 00 00 00 00 00
[    2.610000] [data] 00000020: 00 00 00 00 00 00 00 00 00 00 00 00 00 00 00 00
[    2.620000] [data] 00000030: 00 00 00 00 00 00 00 00 00 00 00 00 00 00 00 00
[    2.620000] Bad eraseblock 24 at 0x000000300000
[    2.630000] ar934x-nfc ar934x-nfc: read, column=2048 page=1600 len=64
[    2.640000] ar934x-nfc ar934x-nfc: read a0:06400800 a1:00000000 len:40 cmd:0030006a dma:000000cc ctrl:000c0b55
[    2.650000] ar934x-nfc ar934x-nfc: got IRQ, status:00000010
[    2.650000] [data] 00000000: 00 00 00 30 00 00 00 00 00 00 00 00 00 00 00 00
[    2.660000] [data] 00000010: 00 00 00 00 00 00 00 00 00 00 00 00 00 00 00 00
[    2.670000] [data] 00000020: 00 00 00 00 00 00 00 00 00 00 00 00 00 00 00 00
[    2.670000] [data] 00000030: 00 00 00 00 00 00 00 00 00 00 00 00 00 00 00 00
[    2.680000] Bad eraseblock 25 at 0x000000320000
[    2.690000] ar934x-nfc ar934x-nfc: read, column=2048 page=1664 len=64
[    2.690000] ar934x-nfc ar934x-nfc: read a0:06800800 a1:00000000 len:40 cmd:0030006a dma:000000cc ctrl:000c0b55
[    2.700000] ar934x-nfc ar934x-nfc: got IRQ, status:00000010
[    2.710000] [data] 00000000: 00 00 00 30 00 00 00 00 00 00 00 00 00 00 00 00
[    2.710000] [data] 00000010: 00 00 00 00 00 00 00 00 00 00 00 00 00 00 00 00
[    2.720000] [data] 00000020: 00 00 00 00 00 00 00 00 00 00 00 00 00 00 00 00
[    2.730000] [data] 00000030: 00 00 00 00 00 00 00 00 00 00 00 00 00 00 00 00
[    2.740000] Bad eraseblock 26 at 0x000000340000
[    2.740000] ar934x-nfc ar934x-nfc: read, column=2048 page=1728 len=64
[    2.750000] ar934x-nfc ar934x-nfc: read a0:06c00800 a1:00000000 len:40 cmd:0030006a dma:000000cc ctrl:000c0b55
[    2.760000] ar934x-nfc ar934x-nfc: got IRQ, status:00000010
[    2.760000] [data] 00000000: 00 00 00 30 00 00 00 00 00 00 00 00 00 00 00 00
[    2.770000] [data] 00000010: 00 00 00 00 00 00 00 00 00 00 00 00 00 00 00 00
[    2.780000] [data] 00000020: 00 00 00 00 00 00 00 00 00 00 00 00 00 00 00 00
[    2.780000] [data] 00000030: 00 00 00 00 00 00 00 00 00 00 00 00 00 00 00 00
[    2.790000] Bad eraseblock 27 at 0x000000360000
[    2.800000] ar934x-nfc ar934x-nfc: read, column=2048 page=1792 len=64
[    2.800000] ar934x-nfc ar934x-nfc: read a0:07000800 a1:00000000 len:40 cmd:0030006a dma:000000cc ctrl:000c0b55
[    2.810000] ar934x-nfc ar934x-nfc: got IRQ, status:00000010
[    2.820000] [data] 00000000: 00 00 00 30 00 00 00 00 00 00 00 00 00 00 00 00
[    2.830000] [data] 00000010: 00 00 00 00 00 00 00 00 00 00 00 00 00 00 00 00
[    2.830000] [data] 00000020: 00 00 00 00 00 00 00 00 00 00 00 00 00 00 00 00
[    2.840000] [data] 00000030: 00 00 00 00 00 00 00 00 00 00 00 00 00 00 00 00
[    2.850000] Bad eraseblock 28 at 0x000000380000
[    2.850000] ar934x-nfc ar934x-nfc: read, column=2048 page=1856 len=64
[    2.860000] ar934x-nfc ar934x-nfc: read a0:07400800 a1:00000000 len:40 cmd:0030006a dma:000000cc ctrl:000c0b55
[    2.870000] ar934x-nfc ar934x-nfc: got IRQ, status:00000010
[    2.870000] [data] 00000000: 00 00 00 30 00 00 00 00 00 00 00 00 00 00 00 00
[    2.880000] [data] 00000010: 00 00 00 00 00 00 00 00 00 00 00 00 00 00 00 00
[    2.890000] [data] 00000020: 00 00 00 00 00 00 00 00 00 00 00 00 00 00 00 00
[    2.900000] [data] 00000030: 00 00 00 00 00 00 00 00 00 00 00 00 00 00 00 00
[    2.900000] Bad eraseblock 29 at 0x0000003a0000
[    2.910000] ar934x-nfc ar934x-nfc: read, column=2048 page=1920 len=64
[    2.910000] ar934x-nfc ar934x-nfc: read a0:07800800 a1:00000000 len:40 cmd:0030006a dma:000000cc ctrl:000c0b55
[    2.920000] ar934x-nfc ar934x-nfc: got IRQ, status:00000010
[    2.930000] [data] 00000000: 00 00 00 30 00 00 00 00 00 00 00 00 00 00 00 00
[    2.940000] [data] 00000010: 00 00 00 00 00 00 00 00 00 00 00 00 00 00 00 00
[    2.940000] [data] 00000020: 00 00 00 00 00 00 00 00 00 00 00 00 00 00 00 00
[    2.950000] [data] 00000030: 00 00 00 00 00 00 00 00 00 00 00 00 00 00 00 00
[    2.960000] Bad eraseblock 30 at 0x0000003c0000
[    2.960000] ar934x-nfc ar934x-nfc: read, column=2048 page=1984 len=64
[    2.970000] ar934x-nfc ar934x-nfc: read a0:07c00800 a1:00000000 len:40 cmd:0030006a dma:000000cc ctrl:000c0b55
[    2.980000] ar934x-nfc ar934x-nfc: got IRQ, status:00000010
[    2.990000] [data] 00000000: 00 00 00 30 00 00 00 00 00 00 00 00 00 00 00 00
[    2.990000] [data] 00000010: 00 00 00 00 00 00 00 00 00 00 00 00 00 00 00 00
[    3.000000] [data] 00000020: 00 00 00 00 00 00 00 00 00 00 00 00 00 00 00 00
[    3.010000] [data] 00000030: 00 00 00 00 00 00 00 00 00 00 00 00 00 00 00 00
[    3.010000] Bad eraseblock 31 at 0x0000003e0000
[    3.020000] ar934x-nfc ar934x-nfc: read, column=2048 page=2048 len=64
[    3.030000] ar934x-nfc ar934x-nfc: read a0:08000800 a1:00000000 len:40 cmd:0030006a dma:000000cc ctrl:000c0b55
[    3.040000] ar934x-nfc ar934x-nfc: got IRQ, status:00000010
[    3.040000] [data] 00000000: 00 00 00 30 00 00 00 00 00 00 00 00 00 00 00 00
[    3.050000] [data] 00000010: 00 00 00 00 00 00 00 00 00 00 00 00 00 00 00 00
[    3.060000] [data] 00000020: 00 00 00 00 00 00 00 00 00 00 00 00 00 00 00 00
[    3.060000] [data] 00000030: 00 00 00 00 00 00 00 00 00 00 00 00 00 00 00 00
[    3.070000] Bad eraseblock 32 at 0x000000400000
[    3.070000] ar934x-nfc ar934x-nfc: read, column=2048 page=2112 len=64


Apr. 25, 2016
AR9344 NAND flash driver : build_dir/target-mips_34kc_uClibc-0.9.33.2/linux-ar71xx_generic/linux-3.10.36/drivers/mtd/nand/ar934x_nfc.c
TCA6424 P05=Cellular_ON

[    0.080000] ar71xx: using random MAC address for eth0
[    0.280000] ar71xx: using random MAC address for eth1
[    0.490000] ===MHX (vip2_ac_setup): registering NAND===
[    0.490000] ===MHX(ar934x_nfc_setup): NAND Flash set up finished.
[    0.500000] bio: create slab <bio-0> at 0
[    0.510000] pca953x 0-0022: interrupt support not compiled in
[    0.520000] i2c i2c-0: Not I2C compliant: can't read SCL
[    0.520000] i2c i2c-0: Bus may be unreliable
[    0.520000] i2c-gpio i2c-gpio.0: using pins 17 (SDA) and 16 (SCL, no clock stretching)
[    0.520000] PCI host bridge to bus 0000:00
[    0.520000] pci_bus 0000:00: root bus resource [mem 0x10000000-0x13ffffff]
[    0.520000] pci_bus 0000:00: root bus resource [io  0x0000]
[    0.520000] pci_bus 0000:00: No busn resource found for root bus, will use [bus 00-ff]
[    0.520000] pci_bus 0000:00: busn_res: [bus 00-ff] end is updated to 00
[    0.520000] Switching to clocksource MIPS
[    0.520000] NET: Registered protocol family 2
[    0.520000] TCP established hash table entries: 1024 (order: 1, 8192 bytes)
[    0.520000] TCP bind hash table entries: 1024 (order: 0, 4096 bytes)
[    0.520000] TCP: Hash tables configured (established 1024 bind 1024)
[    0.520000] TCP: reno registered
[    0.520000] UDP hash table entries: 256 (order: 0, 4096 bytes)
[    0.520000] UDP-Lite hash table entries: 256 (order: 0, 4096 bytes)
[    0.520000] NET: Registered protocol family 1
[    0.520000] PCI: CLS 0 bytes, default 32
[    0.530000] squashfs: version 4.0 (2009/01/31) Phillip Lougher
[    0.530000] jffs2: version 2.2 (NAND) (SUMMARY) (LZMA) (RTIME) (CMODE_PRIORITY) (c) 2001-2006 Red Hat,.
[    0.540000] msgmni has been set to 246
[    0.540000] io scheduler noop registered
[    0.540000] io scheduler deadline registered (default)
[    0.540000] Serial: 8250/16550 driver, 1 ports, IRQ sharing disabled
[    0.560000] serial8250.0: ttyS0 at MMIO 0x18020000 (irq = 11) is a 16550A
[    0.990000] console [ttyS0] enabled
[    0.990000] ath79-spi ath79-spi: master is unqueued, this is deprecated
[    1.000000] m25p80 spi0.0: found s25fl512s, expected m25p80
[    1.010000] Set to pure 4byte address mode
[    1.010000] m25p80 spi0.0: s25fl512s (65536 Kbytes)
[    1.010000] 11 cmdlinepart partitions found on MTD device spi0.0
[    1.020000] Creating 11 MTD partitions on "spi0.0":
[    1.030000] 0x000000000000-0x000000080000 : "u-boot"
[    1.030000] 0x000000080000-0x0000000c0000 : "u-boot-env"
[    1.040000] 0x0000000c0000-0x000000100000 : "u-boot-env-bak"
[    1.050000] 0x000000100000-0x000000300000 : "kernel"
[    1.050000] 0x000000300000-0x000001bc0000 : "rootfs"
[    1.060000] 1 squashfs-split partitions found on MTD device rootfs
[    1.070000] 0x0000007c0000-0x000001bc0000 : "rootfs_data"
[    1.070000] 0x000001bc0000-0x000001fc0000 : "mhs-data"
[    1.080000] 0x000001fc0000-0x000002000000 : "art"
[    1.090000] 0x000002000000-0x000002200000 : "kernel-bak"
[    1.090000] 0x000002200000-0x000003ac0000 : "rootfs-bak"
[    1.100000] 0x000003ac0000-0x000003f40000 : "NVM-zone"
[    1.110000] 0x000003f40000-0x000004000000 : "pro-zone"
[    1.110000] ===MHX1.1(ar934x_nfc_probe) probing NFC.
[    1.120000] ar934x-nfc ar934x-nfc: buf:a7940000 size:8
[    1.120000] ===MHX1.2(ar934x_nfc_probe) probing NFC.
[    1.130000] ar934x-nfc ar934x-nfc: readid, cmd:90
[    1.130000] ar934x-nfc ar934x-nfc: read a0:ffff0000 a1:0000000f len:8 cmd:00009061 dma:000000cc ctrl:00
[    1.140000] ar934x-nfc ar934x-nfc: got IRQ, status:00000010
[    1.150000] [id] 00000000: 00 00 00 00 00 00 00 00
[    1.160000] ===MHX(nand_get_flash_type)2.1 maf_id=0, dev_id=0
[    1.160000] ar934x-nfc ar934x-nfc: readid, cmd:90
[    1.170000] ar934x-nfc ar934x-nfc: read a0:ffff0000 a1:0000000f len:8 cmd:00009061 dma:000000cc ctrl:00
[    1.180000] ar934x-nfc ar934x-nfc: got IRQ, status:00000010
[    1.180000] [id] 00000000: 00 00 00 00 00 00 00 00
[    1.190000] ===MHX(nand_get_flash_type)2.2 maf_id=0, dev_id=0
[    1.190000] ===MHX(nand_get_flash_type)2.3 id_data[0]=0, id_data[1]=0
[    1.200000] ===MHX(nand_get_flash_type)2.4 
[    1.200000] ar934x-nfc ar934x-nfc: readid, cmd:90
[    1.210000] ar934x-nfc ar934x-nfc: read a0:ffff0000 a1:0000000f len:8 cmd:00009061 dma:000000cc ctrl:00
[    1.220000] ar934x-nfc ar934x-nfc: got IRQ, status:00000010
[    1.220000] [id] 00000000: 00 00 00 00 00 00 00 00
[    1.230000] No NAND device found
[    1.230000] ar934x-nfc ar934x-nfc: nand_scan_ident failed, err:-19
[    1.250000] libphy: ag71xx_mdio: probed
[    1.810000] ag71xx-mdio.1: Found an AR934X built-in switch
[    2.840000] eth0: Atheros AG71xx at 0xba000000, irq 5, mode:GMII


It returned in between:
    printk("===MHX(%s)2.4 \n", __func__);

	chip->onfi_version = 0;
	if (!type->name || !type->pagesize) {
		/* Check is chip is ONFI compliant */
		if (nand_flash_detect_onfi(mtd, chip, &busw))
			goto ident_done;
	}

	if (!type->name)
		return ERR_PTR(-ENODEV);	// returned here!!!

	if (!mtd->name)
		mtd->name = type->name;

	chip->chipsize = (uint64_t)type->chipsize << 20;
    printk("===MHX(%s)2.5 size=%lld\n", __func__, chip->chipsize);


Sept 22,2015
PWii procd watchdog
root@OpenWrt:/# ubus call system watchdog
{
        "status": "running",
        "timeout": 30,
        "frequency": 5
}
While there is no uci configuration available for these options you could change them in an rc script such as rc.local if you wish:

ubus call system watchdog '{ "timeout": 60 }'   # change to 60s timeout
ubus call system watchdog '{ "frequency": 1 }'   # change to 1s frequency
To sop the service:

ubus call system watchdog '{ "stop": true }'   # watchdog will cause a reset after it expires

Sept 15,2015
PWii(32MB) hangs up. Reset AR9331 doesn't work. Probe the flash CS/ is 7.5KHz positive pulse. Probe flash CLK is 2.1MHz clock. MOSI no data out. That means flash is dead.
Try pX2(64MB) and a Mary board with 64MB flash. Corrupt the rootfs to make the 2 boards reboot constantly over 15 hours and no hang-up is seen.

Aug 14, 2015
About : Where the sysupgrade.tgz is stored?
1. Modify the sbin/mh_sysupgrade and comment the "busybox reboot -f" so that don't reboot after the upgrade
2. Upgrade with "Keep all configuration". Running rootfs is big and the new rootfs is smaller 1.5MB.
Current flash layout is:
[    0.940000] Creating 8 MTD partitions on "spi0.0":
[    0.940000] 0x000000000000-0x000000080000 : "u-boot"
[    0.950000] 0x000000080000-0x000000090000 : "u-boot-env"
[    0.950000] 0x000000090000-0x0000000a0000 : "u-boot-env-bak"
[    0.960000] 0x0000000a0000-0x0000002a0000 : "kernel"
[    0.970000] 0x0000002a0000-0x000001bf0000 : "rootfs"
[    0.970000] mtd: device 4 (rootfs) set to be root filesystem
[    0.980000] 1 squashfs-split partitions found on MTD device rootfs
[    0.980000] 0x000000ad0000-0x000001bf0000 : "rootfs_data"		// rootfs size 0x83_0000 big.
[    0.990000] 0x000001bf0000-0x000001ff0000 : "mhs-data"
[    1.000000] 0x000001ff0000-0x000002000000 : "art"
[    1.000000] 0x0000000a0000-0x000001bf0000 : "firmware"

3. When the whole upgrade processes finish (no reboot of course). Check:
root@UserDevice:~# cat /proc/mtd 
dev:    size   erasesize  name
mtd0: 00080000 00010000 "u-boot"
mtd1: 00010000 00010000 "u-boot-env"
mtd2: 00010000 00010000 "u-boot-env-bak"
mtd3: 00200000 00010000 "kernel"
mtd4: 01950000 00010000 "rootfs"
mtd5: 01120000 00010000 "rootfs_data"
mtd6: 00400000 00010000 "mhs-data"
mtd7: 00010000 00010000 "art"
mtd8: 01b50000 00010000 "firmware"
root@UserDevice:~# hexdump -C /dev/mtd5 // NOTE: if from a small rootfs to a bigger rootfs, the bigger (new) rootfs may exceed the current mtd4 boundary to overlap the mtd5.
00000000  ff ff ff ff ff ff ff ff  ff ff ff ff ff ff ff ff  |................|
*
01120000

root@UserDevice:~# 
root@UserDevice:~# hexdump -C /dev/mtd4 -s 0x6d0000
006d0000  8e 64 ce e3 94 95 5c 3e  5c f6 41 33 ee 33 d2 c2  |.d....\>\.A3.3..|
006d0010  a2 db 71 9a f5 e8 39 62  66 50 5b 17 37 c6 ba c0  |..q...9bfP[.7...|
006d0020  b5 8e b2 7a 3b 45 34 ee  3b f2 8c 08 64 47 95 98  |...z;E4.;...dG..|
006d0030  44 72 32 ac 96 7a 60 d5  eb 30 34 e4 ce c2 1c e0  |Dr2..z`..04.....|
006d0040  9c 0a de ff e1 a6 8c 44  b7 ee ee 7d a3 20 b9 19  |.......D...}. ..|
006d0050  ae 27 eb 9d f7 d7 3f 4d  e2 54 75 c5 c3 47 aa dc  |.'....?M.Tu..G..|
006d0060  18 dc 2a 8b 2b 77 13 5f  d3 d4 ce ee b1 d8 bd c5  |..*.+w._........|

root@UserDevice:~# hexdump -C /dev/mtd4 -s 0x6dfe00
006dfe00  ac 13 5a d8 88 74 80 66  f3 31 00 c8 77 c7 ab 7d  |..Z..t.f.1..w..}|
006dfe10  e4 3b ba 14 dc 3b d2 30  69 7e cb 6e 42 39 20 6d  |.;...;.0i~.nB9 m|
006dfe20  99 56 12 58 41 3d 6f 6d  7e 05 6d 6d b4 1c 3f df  |.V.XA=om~.mm..?.|
006dfe30  47 00 77 d4 4a 7c 00 01  c8 0a e0 2d 00 00 2e c4  |G.w.J|.....-....|
006dfe40  b4 92 3e 30 0d 8b 02 00  00 00 00 01 59 5a 06 f1  |..>0........YZ..|
006dfe50  6d 00 00 00 00 00 e0 f8  6d 00 00 00 00 00 04 80  |m.......m.......|
006dfe60  00 00 00 00 5e fe 6d 00  00 00 00 00 ff ff ff ff  |....^.m.........|
006dfe70  ff ff ff ff ff ff ff ff  ff ff ff ff ff ff ff ff  |................|		// Offset 0x6d_0000 is the last sector of rootfs data.
*
006e0000  19 85 20 03 00 00 00 0c  f0 60 dc 98 19 85 e0 01  |.. ......`......|		// JFFS2 is made from 0x6e_0000. The sysupgrade.tgz is stored on that.
006e0010  00 00 00 36 5d 44 48 fe  00 00 00 01 00 00 00 00  |...6]DH.........|
006e0020  00 00 00 02 00 00 00 00  0e 08 00 00 97 8f 0a 5b  |...............[|
006e0030  31 ff 3d bc 73 79 73 75  70 67 72 61 64 65 2e 74  |1.=.sysupgrade.t|
006e0040  67 7a ff ff 19 85 e0 02  00 00 10 44 ee 2d 30 6f  |gz.........D.-0o|
006e0050  00 00 00 02 00 00 00 02  00 00 81 a4 00 00 00 00  |................|
006e0060  00 00 82 02 55 cc c3 7d  55 cc c3 7e 55 cc c3 7e  |....U..}U..~U..~|
006e0070  00 00 00 00 00 00 10 00  00 00 10 00 00 00 00 00  |................|
006e0080  43 9f d3 cb ab dc c5 26  1f 8b 08 00 7d c3 cc 55  |C......&....}..U|
006e0090  02 03 ec 3d 6b 73 e2 48  92 fd 55 fc 8a 0a 1c 71  |...=ks.H..U....q|
006e00a0  74 df d9 20 89 97 db 17  1b b7 18 f0 8c 77 8c cd  |t.. .........w..|
006e00b0  19 77 cf ee 4d 4c 10 42  14 46 db 42 d2 48 c2 34  |.w..ML.B.F.B.H.4|
006e00c0  fb eb 2f b3 aa 24 95 9e  e0 9e 69 f7 ec 8c 99 5e  |../..$....i....^|

root@UserDevice:~# hexdump -C /dev/mtd4 -s 0x6f0000
006f0000  de ad c0 de ff ff ff ff  ff ff ff ff ff ff ff ff  |................|		// 0x6F_0000 is a sector to store EOF marker 0xdeadc0de.
006f0010  ff ff ff ff ff ff ff ff  ff ff ff ff ff ff ff ff  |................|
*
00700000  42 d5 f0 7e ba a2 e8 53  56 7d 62 0a 86 8b 27 c5  |B..~...SV}b...'.|		// Current rootfs remaining data. No use.
00700010  c1 88 e4 58 8d b2 52 e2  0c b6 3f ba 5d e6 98 2f  |...X..R...?.]../|
00700020  5c 3d 0c 10 80 41 7e 55  88 27 25 6a 93 91 d7 75  |\=...A~U.'%j...u|
00700030  d5 c6 14 76 3f cc 8d ec  33 5b 20 5a e8 dd 95 53  |...v?...3[ Z...S|
00700040  fd 81 9f 02 b0 1c 75 60  15 c9 b2 75 2c a2 c5 b9  |......u`...u,...|
00700050  ac 7c cc 00 79 14 e9 a9  81 fc c0 2d 7d 6e e7 c9  |.|..y......-}n..|

4. Now reboot manually. This time the flash layout:
[    0.940000] Creating 8 MTD partitions on "spi0.0":
[    0.940000] 0x000000000000-0x000000080000 : "u-boot"
[    0.950000] 0x000000080000-0x000000090000 : "u-boot-env"
[    0.950000] 0x000000090000-0x0000000a0000 : "u-boot-env-bak"
[    0.960000] 0x0000000a0000-0x0000002a0000 : "kernel"
[    0.970000] 0x0000002a0000-0x000001bf0000 : "rootfs"			// Rootfs size 0x98_0000 - 0x2a_0000 = 0x6E_0000.
[    0.970000] mtd: device 4 (rootfs) set to be root filesystem
[    0.980000] 1 squashfs-split partitions found on MTD device rootfs
[    0.980000] 0x000000980000-0x000001bf0000 : "rootfs_data"
[    0.990000] 0x000001bf0000-0x000001ff0000 : "mhs-data"
[    0.990000] 0x000001ff0000-0x000002000000 : "art"
[    1.000000] 0x0000000a0000-0x000001bf0000 : "firmware"

Press the [1], [2], [3] or [4] key and hit [enter] to select the debug level
[   11.660000] eth0: link up (100Mbps/Full duplex)
jffs2 is ready
jffs2 is ready
[   13.090000] jffs2_scan_eraseblock(): End of filesystem marker found at 0x10000
[   13.100000] jffs2_build_filesystem(): unlocking the mtd device... done.
[   13.110000] jffs2_build_filesystem(): erasing all blocks after the end marker... done.
[   69.990000] jffs2: notice: (336) jffs2_build_xattr_subsystem: complete building xattr subsystem, 0 of xdatum (0 unchecked, 0 orphan) and 0 of xr.
switching to overlay
- config restore -
[   71.640000] eth0: link down
procd: - early -
procd: - watchdog -
procd: - ubus -
procd: - init -

Check the mtd devices:
root@UserDevice:~# hexdump -C /dev/mtd4 -s 0x6dfe00
006dfe00  ac 13 5a d8 88 74 80 66  f3 31 00 c8 77 c7 ab 7d  |..Z..t.f.1..w..}|
006dfe10  e4 3b ba 14 dc 3b d2 30  69 7e cb 6e 42 39 20 6d  |.;...;.0i~.nB9 m|
006dfe20  99 56 12 58 41 3d 6f 6d  7e 05 6d 6d b4 1c 3f df  |.V.XA=om~.mm..?.|
006dfe30  47 00 77 d4 4a 7c 00 01  c8 0a e0 2d 00 00 2e c4  |G.w.J|.....-....|
006dfe40  b4 92 3e 30 0d 8b 02 00  00 00 00 01 59 5a 06 f1  |..>0........YZ..|
006dfe50  6d 00 00 00 00 00 e0 f8  6d 00 00 00 00 00 04 80  |m.......m.......|
006dfe60  00 00 00 00 5e fe 6d 00  00 00 00 00 ff ff ff ff  |....^.m.........|
006dfe70  ff ff ff ff ff ff ff ff  ff ff ff ff ff ff ff ff  |................|		// Offset 0x6d_0000 is the last sector of rootfs data.
*
006e0000  19 85 20 03 00 00 00 0c  f0 60 dc 98 19 85 e0 01  |.. ......`......|		// In the fresh new start, 0x6e0000 is the start point of rootfs_data and the whole jffs2 fs.
006e0010  00 00 00 36 5d 44 48 fe  00 00 00 01 00 00 00 00  |...6]DH.........|
006e0020  00 00 00 02 00 00 00 00  0e 08 00 00 97 8f 0a 5b  |...............[|
006e0030  31 ff 3d bc 73 79 73 75  70 67 72 61 64 65 2e 74  |1.=.sysupgrade.t|
006e0040  67 7a ff ff 19 85 e0 02  00 00 10 44 ee 2d 30 6f  |gz.........D.-0o|
006e0050  00 00 00 02 00 00 00 02  00 00 81 a4 00 00 00 00  |................|
006e0060  00 00 82 02 55 cc c3 7d  55 cc c3 7e 55 cc c3 7e  |....U..}U..~U..~|
006e0070  00 00 00 00 00 00 10 00  00 00 10 00 00 00 00 00  |................|
006e0080  43 9f d3 cb ab dc c5 26  1f 8b 08 00 7d c3 cc 55  |C......&....}..U|
006e0090  02 03 ec 3d 6b 73 e2 48  92 fd 55 fc 8a 0a 1c 71  |...=ks.H..U....q|
006e00a0  74 df d9 20 89 97 db 17  1b b7 18 f0 8c 77 8c cd  |t.. .........w..|
006e00b0  19 77 cf ee 4d 4c 10 42  14 46 db 42 d2 48 c2 34  |.w..ML.B.F.B.H.4|

root@UserDevice:~# hexdump -C /dev/mtd4 -s 0x6f0000
006f0000  19 85 20 03 00 00 00 0c  f0 60 dc 98 ff ff ff ff  |.. ......`......|		// 0x6F_0000 was a sector to store EOF marker 0xdeadc0de. But now it is the 2nd sector of JFFS2 fs.
006f0010  ff ff ff ff ff ff ff ff  ff ff ff ff ff ff ff ff  |................|
*
00700000  19 85 20 03 00 00 00 0c  f0 60 dc 98 ff ff ff ff  |.. ......`......|
00700010  ff ff ff ff ff ff ff ff  ff ff ff ff ff ff ff ff  |................|
*

root@UserDevice:~# hexdump -C /dev/mtd4 -s 0x700000
00700000  19 85 20 03 00 00 00 0c  f0 60 dc 98 ff ff ff ff  |.. ......`......|		// All following sectors are made to JFFS2.
00700010  ff ff ff ff ff ff ff ff  ff ff ff ff ff ff ff ff  |................|
*
00710000  19 85 20 03 00 00 00 0c  f0 60 dc 98 ff ff ff ff  |.. ......`......|
00710010  ff ff ff ff ff ff ff ff  ff ff ff ff ff ff ff ff  |................|
*
00720000  19 85 20 03 00 00 00 0c  f0 60 dc 98 ff ff ff ff  |.. ......`......|
00720010  ff ff ff ff ff ff ff ff  ff ff ff ff ff ff ff ff  |................|



Aug 12,2015
procd: - preinit -
Press the [f] key and hit [enter] to enter failsafe mode
Press the [1], [2], [3] or [4] key and hit [enter] to select the debug level
[   12.650000] eth0: link up (100Mbps/Full duplex)
jffs2 is ready
jffs2 is ready
[   13.190000] jffs2_scan_eraseblock(): End of filesystem marker found at 0x10000
[   13.200000] jffs2_build_filesystem(): unlocking the mtd device... done.
[   13.200000] jffs2_build_filesystem(): erasing all blocks after the end marker... done.
[   68.770000] jffs2: notice: (337) jffs2_build_xattr_subsystem: complete building xattr subsystem, 0 of xdatum (0 unchecked, 0 orphan) and 0 of xr.
switching to overlay
- config restore -
"End of filesystem marker found" is printed in linux-3.10.36/fs/jffs2/scan.c when the driver sees 0xdeadc0de, which is the marker of end of jffs2 FS.

1. mkdir -p /home/Jeff/project/ar9331_3_10/build_dir/target-mips_34kc_uClibc-0.9.33.2/linux-ar71xx_generic/tmp
/home/Jeff/project/ar9331_3_10/staging_dir/host/bin/mksquashfs4 /home/Jeff/project/ar9331_3_10/build_dir/target-mips_34kc_uClibc-0.9.33.2/root-ar71xx /home/Jeff/project/ar9331_3_10/build_dir/target-mips_34kc_uClibc-0.9.33.2/linux-ar71xx_generic/root.squashfs -nopad -noappend -root-owned -comp xz -Xpreset 9 -Xe -Xlc 0 -Xlp 2 -Xpb 2  -b 256k -p '/dev d 755 0 0' -p '/dev/console c 600 0 0 5 1' -processors 1
Result : /home/Jeff/project/ar9331_3_10/build_dir/target-mips_34kc_uClibc-0.9.33.2/linux-ar71xx_generic/root.squashfs doesn't have 0xdeadc0de.

2. padjffs2 tool will add the 0xdeadc0de mark as EOF to the SQUASHFS at the sector boundary. The mark is at the very beginning of a sector. the -p0x2a0000:0x1950000:::rootfs:/home/Jeff/project/ar9331_3_10/build_dir/target-mips_34kc_uClibc-0.9.33.2/linux-ar71xx_generic/root.squashfs-64k file is like this: SQUASHFS + padded 0xFF to sector boundary + (eg.@0x6E_0000)0xDEADC0DE.

Aug 7,2015
/home/Jeff/project/pwii-rffc5071/target/linux/ar71xx/image/Makefile analysis:
$(eval $(call SingleProfile,MicrohardMyLoader,64kraw,MHS_331,PWii,MHS_331,ttyATH0,115200,0x2000000))
	|---> $(call MicrohardMkuImageLzma,$(2),$(3) $(4))	// 
	|		|---> $(call MicrohardPatchKernelLzma,$(1),$(2),$(3),$(4))
	|		|		|---> cp $(KDIR)/vmlinux$(4) $(KDIR_TMP)/vmlinux$(4)-$(1)
	|		|		|---> $(call CompressLzma,$(KDIR_TMP)/vmlinux$(4)-$(1),$(KDIR_TMP)/vmlinux$(4)-$(1).bin.lzma,$(3))
	|		|		\RET
	|		|---> $(call MkuImage,lzma,$(5),$(KDIR_TMP)/vmlinux$(4)-$(1).bin.lzma,$(KDIR_TMP)/vmlinux$(4)-$(1).uImage)
	|		\RET
	|---> $(STAGING_DIR_HOST)/bin/mkmylofw ...
	\RET(END)

Aug 6, 2015

VIP4G and IPn4Gii have 1.1.4 u-boot, which have a ubparams.c utility in them in uboot/src/tools/ dir, not a package. But PWii u-boot(package) doesn't have that tool.
PWii. VIP4G and IPn4Gii : fw_envset/get tool is in package/xxx/uboot-envtools.

July 27 2015
Nicole board: there is a seperate I2C expander on the radio daughter board. Addresses of it is all "1" (address 0x1f). The RFFC5071 is behind this expander.

June 26,2015
Platform: JenniePCIe
Symptom: In mach-vip2-ac.c, added 	ap91_pci_init(art + VIP2_AC_PCIE_CALDATA_OFFSET, tmpmac); to bring up the PCIe device. But, during bootup, "PCIe link is down" is show up in ar734x-pci. 
Step: Keep the kernel+fs unchanged, but change the u-boot to origional WPJ344 1.1.4 u-boot. In the bootup, the "PCIe link is down" compliant is gone. Instead, it shows the pci PME#, BAR, irq information. After bootup ifconfig -a can see the wlan1 interface, /proc/interrupts shows the IRQ#40 for AR742X PCI, and iwinfo command shows 2 wlan interfaces wlan0 and wlan1.

June 19,2015
The reset button hotplug is generated by package/kernel/gpio-button-hotplug package.


May 27, 2015
Upgrade and keep existing configs: mtd jffs2write $CONF_TAR rootfs_data will be used to write the old config file ($CONF_TAR) to the rootfs_data partition(jffs2). This file is right after the suqashfs (rootfs) and in the very beginning of rootfs_data and has a marker of "deadc0de".
In next bootup, kernel jffs2_scan_eraseblock() in fs/jffs2/scan.c will scan this marker and erase all blocks after it.
The lib/preinit/80_mount_root will find this .tgz file in jffs2 fs(rootfs_data) and untar and apply these configs.

The first reboot after an upgrade with "keep config files" is like this:
procd: - watchdog -
[    7.580000] usbcore: registered new interface driver usbfs
[    7.590000] usbcore: registered new interface driver hub
[    7.590000] usbcore: registered new device driver usb
[    7.610000] ehci_hcd: USB 2.0 'Enhanced' Host Controller (EHCI) Driver
[    7.620000] ehci-platform: EHCI generic platform driver
[    7.620000] ehci-platform ehci-platform: EHCI Host Controller
[    7.630000] ehci-platform ehci-platform: new USB bus registered, assigned bus number 1
[    7.640000] ehci-platform ehci-platform: irq 3, io mem 0x1b000000
[    7.660000] ehci-platform ehci-platform: USB 2.0 started, EHCI 1.00
[    7.670000] hub 1-0:1.0: USB hub found
[    7.670000] hub 1-0:1.0: 1 port detected
[    7.670000] ohci_hcd: USB 1.1 'Open' Host Controller (OHCI) Driver
procd: - preinit -
Press the [f] key and hit [enter] to enter failsafe mode
Press the [1], [2], [3] or [4] key and hit [enter] to select the debug level
jffs2 is ready
jffs2 is ready
[   12.390000] jffs2_scan_eraseblock(): End of filesystem marker found at 0x10000	// deadc0de marker is found
[   12.400000] jffs2_build_filesystem(): unlocking the mtd device... done.
[   12.400000] jffs2_build_filesystem(): erasing all blocks after the end marker... [   12.590000] eth0: link up (100Mbps/Full duplex)
done.
[   84.380000] jffs2: notice: (330) jffs2_build_xattr_subsystem: complete building xattr subsystem, 0 of xdatum (0 unchecked, 0 orphan) and 0 of xref (0 dead, 0 orphan) found.
switching to overlay
===MHX : checking sysupgrade.tgz	// in preinit/80_mount_root
- Old config file is found -
- config restore -
[   84.680000] eth0: link down
procd: - early -
procd: - watchdog -
procd: - ubus -
procd: - init -

(none) login: 
UserDevice login: [   87.690000] NET: Registered protocol family 10


May 14,2015

How the /etc/config/network file is generated.
In /etc/init.d/boot, uci_apply_defaults is called to execute all scripts in /etc/uci-defaults/ and then remove them. But they are still in the romfs. 

April 23, 2015
The ar9331/9344 system should follow BarrierBreaker branch after the study of Openwrt branches. As of today. AA still uses 3.3.8 kernel while BB uses 3.10.49 kernel while Trunk uses 3.18 kernel.

Mar 12, 2015
Issue:
Change #define CONFIG_SYS_PLL_FREQ		CONFIG_PLL_566_450_225 can not actually change the PLL of CPU and DDR. When kernel boots up, the frequency is ALWAYS 560_450_225.

Cause:
In /arch/mips/ath79/clock.c, ar934x_clocks_init() will check frequencies by checking:
        pll = __raw_readl(dpll_base + AR934X_SRIF_CPU_DPLL2_REG);
        if (pll & AR934X_SRIF_DPLL2_LOCAL_PLL) {
		read SRIF registers;
	}
	else{
		read PLL control registers;
	}
The testing shows the bit30(AR934X_SRIF_DPLL2_LOCAL_PLL) is always 1 set by u-boot. That means the SRIF registers take effects.

IN u-boot, that means this piece of code always run:
srif_set:
	/* See if we have to read the pll values from flash */
	li	t7,	SRIF_PLL_CONFIG_VAL_F
	lw	t8,	0(t7)
	li	t7,	SRIF_PLL_MAGIC
	beq	t7,	t8,	read_srif_from_flash

	/* Use built in values, based on ref clock */
	li	t5,	KSEG1ADDR(WASP_BOOTSTRAP_REG);
	li	t6,	WASP_REF_CLK_25
	lw	t7,	0(t5);
	and	t6,	t7,	t6
	beq	zero,	t6,	1f

	/*		refdiv		nint		nfrac */
	/* cpu freq = (40 MHz refclk/refdiv 8) * Nint */				// Hardcoded CPU SRIF PLL freq=40/8 * 112 = 560MHz
	li	t4,	(CPU_DPLL1_REFDIV_SET(0x8) | CPU_DPLL1_NINT_SET(112) | \
			 CPU_DPLL1_NFRAC_RESET);

	/* ddr freq = (40 MHz refclk/refdiv 8) * Nint */
	li	t5,	(DDR_DPLL1_REFDIV_SET(0x8) | DDR_DPLL1_NINT_SET(90) | \		// Hardcoded CPU SRIF PLL freq=40/8 * 90 = 450MHz
			 DDR_DPLL1_NFRAC_RESET);
	j	2f

In cpu_pll_is_not_locked() and ddr_pll_is_not_locked() functions, the t4 and t5 are used as CPU and DDR SRIF registers. 


Mar 5, 2015
When CONFIG_CMD_TCA642X and CONFIG_TCA642X are defined in config file, the command :
vip2ac> tca642x device
Current device address: 0xff
vip2ac> tca642x device 0x22
Current device address: 0x22
vip2ac> tca642x output 10 1				// Command implementation is in drivers/gpio/tca642x.c. tca642x_set_dir() ---> tca642x_reg_write() ---> i2c_read().
===MHX in i2c_read. chip=34, addr=13, alen=1, len=1	// in drivers/i2c/i2c_core.c
==========MHX. in soft_i2c_read: chip 22 addr 0D alen 1 buffer 87d17a40 len 1	// in ./drivers/i2c/soft_i2c.c
===MHX in gpio_direction_input() 17			// soft_i2c_read() ---> send_start() ---> I2C_SDA() ---> gpio_direction_input(), which is defined in newly added ./drivers/gpio/ath79_gpio.c.
===MHX in gpio_direction_output() 16
===MHX in gpio_direction_output() 17
===MHX in gpio_direction_output() 16
===MHX in gpio_direction_output() 17
===MHX in gpio_direction_output() 16
===MHX in gpio_direction_output() 16
===MHX in gpio_direction_input() 17
===MHX in gpio_direction_output() 16
===MHX in gpio_direction_output() 16
===MHX in gpio_direction_output() 17
===MHX in gpio_direction_output() 16
===MHX in gpio_direction_output() 16
===MHX in gpio_direction_output() 17
===MHX in gpio_direction_output() 16
===MHX in gpio_direction_output() 16
===MHX in gpio_direction_output() 17
===MHX in gpio_direction_output() 16
===MHX in gpio_direction_output() 16
===MHX in gpio_direction_input() 17
===MHX in gpio_direction_output() 16
===MHX in gpio_direction_output() 16
===MHX in gpio_direction_output() 17
===MHX in gpio_direction_output() 16
===MHX in gpio_direction_output() 16
===MHX in gpio_direction_output() 17
===MHX in gpio_direction_output() 16
===MHX in gpio_direction_output() 16
===MHX in gpio_direction_input() 17
===MHX in gpio_direction_output() 16
===MHX in gpio_get_value() 17
===MHX in gpio_direction_output() 16
===MHX in gpio_direction_output() 16
===MHX in gpio_direction_output() 17
===MHX in gpio_direction_output() 16
===MHX in gpio_direction_input() 17
Could not read before writing
Error talking to chip at 0x22

Feb 26, 2015
This VERY first print of U-Boot is in init_sequence-->display_banner(). 
static int display_banner(void)
{

	printf("\n\n%s\n\n", version_string);
	return 0;
}

version_string[] = U_BOOT_VERSION_STRING;

#define U_BOOT_VERSION_STRING U_BOOT_VERSION " (" U_BOOT_DATE " - " \
	U_BOOT_TIME ")" CONFIG_IDENT_STRING

The U_BOOT_VERSION comes from the Makefile:

define filechk_version.h
        (echo \#define PLAIN_VERSION \"$(UBOOTRELEASE)\"; \
        echo \#define U_BOOT_VERSION \"U-Boot \" PLAIN_VERSION; \
        echo \#define CC_VERSION_STRING \"$$($(CC) --version | head -n 1)\"; \
        echo \#define LD_VERSION_STRING \"$$($(LD) --version | head -n 1)\"; )
endef

This is a way to transfer a #define to code from Makefile.

Feb 25, 2015
In mach-vip2-ac.c, ath79_register_leds_gpio(-1, ARRAY_SIZE(vip2_ac_leds_gpio),vip2_ac_leds_gpio); registers a platform device "sys/devices/platform/led-gpio". ath79_register_gpio_keys_polled() registers a platform device "sys/devices/platform/gpio-keys-polled". 

The real registration code is executed AFTER the vip2_ac_setup() function. So that, it is not possible to gpio_request_one() a GPIO that is in the expander.

